Godot Engine v4.7.2.stable.official.ed1daf0bf - https://godotengine.org

Sentry: DEBUG: starting Sentry SDK version 2.1.1+d288ad9
Sentry: DEBUG: Automatic initialization is disabled in the project settings.
Sentry: INFO: Automatic initialization is disabled! Operations with Sentry SDK will result in no-ops.
DD1_ACQUIRE_ROW seed=5421600 vow=0 status=win starts=45 shatters=1 p0=false p5=false vow_unlocked=1
DD1_ACQUIRE_ROW seed=5421601 vow=1 status=death starts=15 shatters=0 p0=false p5=false vow_unlocked=1
DD1_ACQUIRE_ROW seed=5421602 vow=1 status=death starts=15 shatters=0 p0=false p5=false vow_unlocked=1
DD1_ACQUIRE_ROW seed=5421603 vow=1 status=death starts=30 shatters=0 p0=true p5=false vow_unlocked=1
DD1_ACQUIRE_P0 seed=5421603
DD1_ACQUIRE_ROW seed=5421604 vow=1 status=death starts=15 shatters=0 p0=true p5=false vow_unlocked=1
DD1_ACQUIRE_ROW seed=5421605 vow=1 status=death starts=30 shatters=0 p0=true p5=false vow_unlocked=1
DD1_ACQUIRE_ROW seed=5421606 vow=1 status=death starts=30 shatters=0 p0=true p5=false vow_unlocked=1
DD1_ACQUIRE_ROW seed=5421607 vow=1 status=death starts=15 shatters=0 p0=true p5=false vow_unlocked=1
DD1_ACQUIRE_ROW seed=5421608 vow=1 status=death starts=15 shatters=0 p0=true p5=false vow_unlocked=1
DD1_ACQUIRE_ROW seed=5421609 vow=1 status=death starts=15 shatters=0 p0=true p5=false vow_unlocked=1
DD1_ACQUIRE_ROW seed=5421610 vow=1 status=death starts=15 shatters=0 p0=true p5=false vow_unlocked=1
DD1_ACQUIRE_ROW seed=5421611 vow=1 status=death starts=30 shatters=0 p0=true p5=false vow_unlocked=1
DD1_ACQUIRE_ROW seed=5421612 vow=1 status=death starts=15 shatters=0 p0=true p5=false vow_unlocked=1
DD1_ACQUIRE_ROW seed=5421613 vow=1 status=death starts=15 shatters=0 p0=true p5=false vow_unlocked=1
DD1_ACQUIRE_ROW seed=5421614 vow=1 status=death starts=15 shatters=0 p0=true p5=false vow_unlocked=1
DD1_ACQUIRE_ROW seed=5421615 vow=1 status=death starts=15 shatters=0 p0=true p5=false vow_unlocked=1
DD1_ACQUIRE_DONE starts=330 p0=true p5=false gate=BLOCKED
