Godot Engine v4.7.2.stable.official.ed1daf0bf - https://godotengine.org

[   0% ] [90m[1mfirst_scan_filesystem[22m | Started Project initialization (5 steps)[39m[0m
[   0% ] [90m[1mfirst_scan_filesystem[22m | Scanning file structure...[39m[0m
[  16% ] [90m[1mfirst_scan_filesystem[22m | Loading global class names...[39m[0m
[  33% ] [90m[1mfirst_scan_filesystem[22m | Verifying GDExtensions...[39m[0m
[  50% ] [90m[1mfirst_scan_filesystem[22m | Creating autoload scripts...[39m[0m
[  66% ] [90m[1mfirst_scan_filesystem[22m | Initializing plugins...[39m[0m
[  83% ] [90m[1mfirst_scan_filesystem[22m | Starting file scan...[39m[0m
[92m[ DONE ][39m [1mfirst_scan_filesystem[22m
[0m
[   0% ] [90m[1mupdate_scripts_classes[22m | Started Registering global classes... (36 steps)[39m[0m
[   0% ] [90m[1mupdate_scripts_classes[22m | ContentDB[39m[0m
[   2% ] [90m[1mupdate_scripts_classes[22m | EventTypes[39m[0m
[   5% ] [90m[1mupdate_scripts_classes[22m | MapLayoutCanonical[39m[0m
[   8% ] [90m[1mupdate_scripts_classes[22m | MapLayoutInput[39m[0m
[  10% ] [90m[1mupdate_scripts_classes[22m | MapLayoutInputBinding[39m[0m
[  13% ] [90m[1mupdate_scripts_classes[22m | MapLayoutResult[39m[0m
[  16% ] [90m[1mupdate_scripts_classes[22m | Rng[39m[0m
[  18% ] [90m[1mupdate_scripts_classes[22m | CombatRules[39m[0m
[  21% ] [90m[1mupdate_scripts_classes[22m | CounterfactualSelf[39m[0m
[  24% ] [90m[1mupdate_scripts_classes[22m | DawnPassages[39m[0m
[  27% ] [90m[1mupdate_scripts_classes[22m | EnemyAi[39m[0m
[  29% ] [90m[1mupdate_scripts_classes[22m | LineTable[39m[0m
[  32% ] [90m[1mupdate_scripts_classes[22m | PoolBeats[39m[0m
[  35% ] [90m[1mupdate_scripts_classes[22m | QuestRules[39m[0m
[  37% ] [90m[1mupdate_scripts_classes[22m | RewardRules[39m[0m
[  40% ] [90m[1mupdate_scripts_classes[22m | CardInst[39m[0m
[  43% ] [90m[1mupdate_scripts_classes[22m | CombatState[39m[0m
[  45% ] [90m[1mupdate_scripts_classes[22m | EnemyCombatant[39m[0m
[  48% ] [90m[1mupdate_scripts_classes[22m | MapNode[39m[0m
[  51% ] [90m[1mupdate_scripts_classes[22m | PlayerCombatant[39m[0m
[  54% ] [90m[1mupdate_scripts_classes[22m | RunState[39m[0m
[  56% ] [90m[1mupdate_scripts_classes[22m | VigilState[39m[0m
[  59% ] [90m[1mupdate_scripts_classes[22m | WorldMap[39m[0m
[  62% ] [90m[1mupdate_scripts_classes[22m | GlassvowGame[39m[0m
[  64% ] [90m[1mupdate_scripts_classes[22m | BalanceCatalogue[39m[0m
[  67% ] [90m[1mupdate_scripts_classes[22m | BalanceMetrics[39m[0m
[  70% ] [90m[1mupdate_scripts_classes[22m | BalancePilot[39m[0m
[  72% ] [90m[1mupdate_scripts_classes[22m | BalancePolicy[39m[0m
[  75% ] [90m[1mupdate_scripts_classes[22m | BalanceSim[39m[0m
[  78% ] [90m[1mupdate_scripts_classes[22m | BalanceSweep[39m[0m
[  81% ] [90m[1mupdate_scripts_classes[22m | [39m[0m
[  83% ] [90m[1mupdate_scripts_classes[22m | VowIncentives[39m[0m
[  86% ] [90m[1mupdate_scripts_classes[22m | [39m[0m
[  89% ] [90m[1mupdate_scripts_classes[22m | [39m[0m
[  91% ] [90m[1mupdate_scripts_classes[22m | [39m[0m
[  94% ] [90m[1mupdate_scripts_classes[22m | [39m[0m
[92m[ DONE ][39m [1mupdate_scripts_classes[22m
[0m
[   0% ] [90m[1mloading_editor_layout[22m | Started Loading editor (5 steps)[39m[0m
[   0% ] [90m[1mloading_editor_layout[22m | Loading editor layout...[39m[0m
[  16% ] [90m[1mloading_editor_layout[22m | Loading docks...[39m[0m
[92m[ DONE ][39m [1mloading_editor_layout[22m
[0m
