[detached HEAD b015b48] research(p9): freeze inherited pair exact runtime before observations
 3 files changed, 358 insertions(+)
 create mode 100644 research/p9-six-route/ash-inheritance-20260909/pair-v1/execution-1/RESOLVED-PROTOCOL.json
 create mode 100644 research/p9-six-route/ash-inheritance-20260909/pair-v1/execution-1/SOURCE-MANIFEST.json
 create mode 100644 research/p9-six-route/ash-inheritance-20260909/pair-v1/execution-1/runtime-source.tar.xz
[detached HEAD b84f62a] research(p9): preserve new clone and observer qualification before support rows
 28 files changed, 252 insertions(+)
 create mode 100644 research/p9-six-route/ash-inheritance-20260909/pair-v1/execution-1/qualification/RESULTS.json
 create mode 100644 research/p9-six-route/ash-inheritance-20260909/pair-v1/execution-1/qualification/clone-qualification.command.json
 create mode 100644 research/p9-six-route/ash-inheritance-20260909/pair-v1/execution-1/qualification/clone-qualification.stderr
 create mode 100644 research/p9-six-route/ash-inheritance-20260909/pair-v1/execution-1/qualification/clone-qualification.stdout
 create mode 100644 research/p9-six-route/ash-inheritance-20260909/pair-v1/execution-1/qualification/clones.jsonl.xz
 create mode 100644 research/p9-six-route/ash-inheritance-20260909/pair-v1/execution-1/qualification/import.command.json
 create mode 100644 research/p9-six-route/ash-inheritance-20260909/pair-v1/execution-1/qualification/import.stderr
 create mode 100644 research/p9-six-route/ash-inheritance-20260909/pair-v1/execution-1/qualification/import.stdout
 create mode 100644 research/p9-six-route/ash-inheritance-20260909/pair-v1/execution-1/qualification/parse.command.json
 create mode 100644 research/p9-six-route/ash-inheritance-20260909/pair-v1/execution-1/qualification/parse.stderr
 create mode 100644 research/p9-six-route/ash-inheritance-20260909/pair-v1/execution-1/qualification/parse.stdout
 create mode 100644 research/p9-six-route/ash-inheritance-20260909/pair-v1/execution-1/qualification/tests.command.json
 create mode 100644 research/p9-six-route/ash-inheritance-20260909/pair-v1/execution-1/qualification/tests.stderr
 create mode 100644 research/p9-six-route/ash-inheritance-20260909/pair-v1/execution-1/qualification/tests.stdout
 create mode 100644 research/p9-six-route/ash-inheritance-20260909/pair-v1/execution-1/qualification/v0-000.RECEIPT.json
 create mode 100644 research/p9-six-route/ash-inheritance-20260909/pair-v1/execution-1/qualification/v0-000.command.json
 create mode 100644 research/p9-six-route/ash-inheritance-20260909/pair-v1/execution-1/qualification/v0-000.config.json
 create mode 100644 research/p9-six-route/ash-inheritance-20260909/pair-v1/execution-1/qualification/v0-000.outcomes.jsonl.xz
 create mode 100644 research/p9-six-route/ash-inheritance-20260909/pair-v1/execution-1/qualification/v0-000.stderr
 create mode 100644 research/p9-six-route/ash-inheritance-20260909/pair-v1/execution-1/qualification/v0-000.stdout
 create mode 100644 research/p9-six-route/ash-inheritance-20260909/pair-v1/execution-1/qualification/v0-000.traces.jsonl.xz
 create mode 100644 research/p9-six-route/ash-inheritance-20260909/pair-v1/execution-1/qualification/v5-000.RECEIPT.json
 create mode 100644 research/p9-six-route/ash-inheritance-20260909/pair-v1/execution-1/qualification/v5-000.command.json
 create mode 100644 research/p9-six-route/ash-inheritance-20260909/pair-v1/execution-1/qualification/v5-000.config.json
 create mode 100644 research/p9-six-route/ash-inheritance-20260909/pair-v1/execution-1/qualification/v5-000.outcomes.jsonl.xz
 create mode 100644 research/p9-six-route/ash-inheritance-20260909/pair-v1/execution-1/qualification/v5-000.stderr
 create mode 100644 research/p9-six-route/ash-inheritance-20260909/pair-v1/execution-1/qualification/v5-000.stdout
 create mode 100644 research/p9-six-route/ash-inheritance-20260909/pair-v1/execution-1/qualification/v5-000.traces.jsonl.xz
[detached HEAD 990460c] research(p9): preserve assigned Ash pair v5 chunk 1
 14 files changed, 126 insertions(+)
 create mode 100644 research/p9-six-route/ash-inheritance-20260909/pair-v1/execution-1/v5/v5-000.RECEIPT.json
 create mode 100644 research/p9-six-route/ash-inheritance-20260909/pair-v1/execution-1/v5/v5-000.command.json
 create mode 100644 research/p9-six-route/ash-inheritance-20260909/pair-v1/execution-1/v5/v5-000.config.json
 create mode 100644 research/p9-six-route/ash-inheritance-20260909/pair-v1/execution-1/v5/v5-000.outcomes.jsonl.xz
 create mode 100644 research/p9-six-route/ash-inheritance-20260909/pair-v1/execution-1/v5/v5-000.stderr
 create mode 100644 research/p9-six-route/ash-inheritance-20260909/pair-v1/execution-1/v5/v5-000.stdout
 create mode 100644 research/p9-six-route/ash-inheritance-20260909/pair-v1/execution-1/v5/v5-000.traces.jsonl.xz
 create mode 100644 research/p9-six-route/ash-inheritance-20260909/pair-v1/execution-1/v5/v5-008.RECEIPT.json
 create mode 100644 research/p9-six-route/ash-inheritance-20260909/pair-v1/execution-1/v5/v5-008.command.json
 create mode 100644 research/p9-six-route/ash-inheritance-20260909/pair-v1/execution-1/v5/v5-008.config.json
 create mode 100644 research/p9-six-route/ash-inheritance-20260909/pair-v1/execution-1/v5/v5-008.outcomes.jsonl.xz
 create mode 100644 research/p9-six-route/ash-inheritance-20260909/pair-v1/execution-1/v5/v5-008.stderr
 create mode 100644 research/p9-six-route/ash-inheritance-20260909/pair-v1/execution-1/v5/v5-008.stdout
 create mode 100644 research/p9-six-route/ash-inheritance-20260909/pair-v1/execution-1/v5/v5-008.traces.jsonl.xz
[detached HEAD 5562047] research(p9): preserve assigned Ash pair v5 chunk 2
 14 files changed, 126 insertions(+)
 create mode 100644 research/p9-six-route/ash-inheritance-20260909/pair-v1/execution-1/v5/v5-016.RECEIPT.json
 create mode 100644 research/p9-six-route/ash-inheritance-20260909/pair-v1/execution-1/v5/v5-016.command.json
 create mode 100644 research/p9-six-route/ash-inheritance-20260909/pair-v1/execution-1/v5/v5-016.config.json
 create mode 100644 research/p9-six-route/ash-inheritance-20260909/pair-v1/execution-1/v5/v5-016.outcomes.jsonl.xz
 create mode 100644 research/p9-six-route/ash-inheritance-20260909/pair-v1/execution-1/v5/v5-016.stderr
 create mode 100644 research/p9-six-route/ash-inheritance-20260909/pair-v1/execution-1/v5/v5-016.stdout
 create mode 100644 research/p9-six-route/ash-inheritance-20260909/pair-v1/execution-1/v5/v5-016.traces.jsonl.xz
 create mode 100644 research/p9-six-route/ash-inheritance-20260909/pair-v1/execution-1/v5/v5-024.RECEIPT.json
 create mode 100644 research/p9-six-route/ash-inheritance-20260909/pair-v1/execution-1/v5/v5-024.command.json
 create mode 100644 research/p9-six-route/ash-inheritance-20260909/pair-v1/execution-1/v5/v5-024.config.json
 create mode 100644 research/p9-six-route/ash-inheritance-20260909/pair-v1/execution-1/v5/v5-024.outcomes.jsonl.xz
 create mode 100644 research/p9-six-route/ash-inheritance-20260909/pair-v1/execution-1/v5/v5-024.stderr
 create mode 100644 research/p9-six-route/ash-inheritance-20260909/pair-v1/execution-1/v5/v5-024.stdout
 create mode 100644 research/p9-six-route/ash-inheritance-20260909/pair-v1/execution-1/v5/v5-024.traces.jsonl.xz
[detached HEAD 762bf21] research(p9): preserve assigned Ash pair v5 chunk 3
 14 files changed, 126 insertions(+)
 create mode 100644 research/p9-six-route/ash-inheritance-20260909/pair-v1/execution-1/v5/v5-032.RECEIPT.json
 create mode 100644 research/p9-six-route/ash-inheritance-20260909/pair-v1/execution-1/v5/v5-032.command.json
 create mode 100644 research/p9-six-route/ash-inheritance-20260909/pair-v1/execution-1/v5/v5-032.config.json
 create mode 100644 research/p9-six-route/ash-inheritance-20260909/pair-v1/execution-1/v5/v5-032.outcomes.jsonl.xz
 create mode 100644 research/p9-six-route/ash-inheritance-20260909/pair-v1/execution-1/v5/v5-032.stderr
 create mode 100644 research/p9-six-route/ash-inheritance-20260909/pair-v1/execution-1/v5/v5-032.stdout
 create mode 100644 research/p9-six-route/ash-inheritance-20260909/pair-v1/execution-1/v5/v5-032.traces.jsonl.xz
 create mode 100644 research/p9-six-route/ash-inheritance-20260909/pair-v1/execution-1/v5/v5-040.RECEIPT.json
 create mode 100644 research/p9-six-route/ash-inheritance-20260909/pair-v1/execution-1/v5/v5-040.command.json
 create mode 100644 research/p9-six-route/ash-inheritance-20260909/pair-v1/execution-1/v5/v5-040.config.json
 create mode 100644 research/p9-six-route/ash-inheritance-20260909/pair-v1/execution-1/v5/v5-040.outcomes.jsonl.xz
 create mode 100644 research/p9-six-route/ash-inheritance-20260909/pair-v1/execution-1/v5/v5-040.stderr
 create mode 100644 research/p9-six-route/ash-inheritance-20260909/pair-v1/execution-1/v5/v5-040.stdout
 create mode 100644 research/p9-six-route/ash-inheritance-20260909/pair-v1/execution-1/v5/v5-040.traces.jsonl.xz
[detached HEAD 59ce4d3] research(p9): preserve assigned Ash pair v5 chunk 4
 14 files changed, 126 insertions(+)
 create mode 100644 research/p9-six-route/ash-inheritance-20260909/pair-v1/execution-1/v5/v5-048.RECEIPT.json
 create mode 100644 research/p9-six-route/ash-inheritance-20260909/pair-v1/execution-1/v5/v5-048.command.json
 create mode 100644 research/p9-six-route/ash-inheritance-20260909/pair-v1/execution-1/v5/v5-048.config.json
 create mode 100644 research/p9-six-route/ash-inheritance-20260909/pair-v1/execution-1/v5/v5-048.outcomes.jsonl.xz
 create mode 100644 research/p9-six-route/ash-inheritance-20260909/pair-v1/execution-1/v5/v5-048.stderr
 create mode 100644 research/p9-six-route/ash-inheritance-20260909/pair-v1/execution-1/v5/v5-048.stdout
 create mode 100644 research/p9-six-route/ash-inheritance-20260909/pair-v1/execution-1/v5/v5-048.traces.jsonl.xz
 create mode 100644 research/p9-six-route/ash-inheritance-20260909/pair-v1/execution-1/v5/v5-056.RECEIPT.json
 create mode 100644 research/p9-six-route/ash-inheritance-20260909/pair-v1/execution-1/v5/v5-056.command.json
 create mode 100644 research/p9-six-route/ash-inheritance-20260909/pair-v1/execution-1/v5/v5-056.config.json
 create mode 100644 research/p9-six-route/ash-inheritance-20260909/pair-v1/execution-1/v5/v5-056.outcomes.jsonl.xz
 create mode 100644 research/p9-six-route/ash-inheritance-20260909/pair-v1/execution-1/v5/v5-056.stderr
 create mode 100644 research/p9-six-route/ash-inheritance-20260909/pair-v1/execution-1/v5/v5-056.stdout
 create mode 100644 research/p9-six-route/ash-inheritance-20260909/pair-v1/execution-1/v5/v5-056.traces.jsonl.xz
[detached HEAD a0dfb88] research(p9): preserve assigned Ash pair v5 chunk 5
 14 files changed, 126 insertions(+)
 create mode 100644 research/p9-six-route/ash-inheritance-20260909/pair-v1/execution-1/v5/v5-064.RECEIPT.json
 create mode 100644 research/p9-six-route/ash-inheritance-20260909/pair-v1/execution-1/v5/v5-064.command.json
 create mode 100644 research/p9-six-route/ash-inheritance-20260909/pair-v1/execution-1/v5/v5-064.config.json
 create mode 100644 research/p9-six-route/ash-inheritance-20260909/pair-v1/execution-1/v5/v5-064.outcomes.jsonl.xz
 create mode 100644 research/p9-six-route/ash-inheritance-20260909/pair-v1/execution-1/v5/v5-064.stderr
 create mode 100644 research/p9-six-route/ash-inheritance-20260909/pair-v1/execution-1/v5/v5-064.stdout
 create mode 100644 research/p9-six-route/ash-inheritance-20260909/pair-v1/execution-1/v5/v5-064.traces.jsonl.xz
 create mode 100644 research/p9-six-route/ash-inheritance-20260909/pair-v1/execution-1/v5/v5-072.RECEIPT.json
 create mode 100644 research/p9-six-route/ash-inheritance-20260909/pair-v1/execution-1/v5/v5-072.command.json
 create mode 100644 research/p9-six-route/ash-inheritance-20260909/pair-v1/execution-1/v5/v5-072.config.json
 create mode 100644 research/p9-six-route/ash-inheritance-20260909/pair-v1/execution-1/v5/v5-072.outcomes.jsonl.xz
 create mode 100644 research/p9-six-route/ash-inheritance-20260909/pair-v1/execution-1/v5/v5-072.stderr
 create mode 100644 research/p9-six-route/ash-inheritance-20260909/pair-v1/execution-1/v5/v5-072.stdout
 create mode 100644 research/p9-six-route/ash-inheritance-20260909/pair-v1/execution-1/v5/v5-072.traces.jsonl.xz
[detached HEAD db3f545] research(p9): preserve assigned Ash pair v5 chunk 6
 14 files changed, 126 insertions(+)
 create mode 100644 research/p9-six-route/ash-inheritance-20260909/pair-v1/execution-1/v5/v5-080.RECEIPT.json
 create mode 100644 research/p9-six-route/ash-inheritance-20260909/pair-v1/execution-1/v5/v5-080.command.json
 create mode 100644 research/p9-six-route/ash-inheritance-20260909/pair-v1/execution-1/v5/v5-080.config.json
 create mode 100644 research/p9-six-route/ash-inheritance-20260909/pair-v1/execution-1/v5/v5-080.outcomes.jsonl.xz
 create mode 100644 research/p9-six-route/ash-inheritance-20260909/pair-v1/execution-1/v5/v5-080.stderr
 create mode 100644 research/p9-six-route/ash-inheritance-20260909/pair-v1/execution-1/v5/v5-080.stdout
 create mode 100644 research/p9-six-route/ash-inheritance-20260909/pair-v1/execution-1/v5/v5-080.traces.jsonl.xz
 create mode 100644 research/p9-six-route/ash-inheritance-20260909/pair-v1/execution-1/v5/v5-088.RECEIPT.json
 create mode 100644 research/p9-six-route/ash-inheritance-20260909/pair-v1/execution-1/v5/v5-088.command.json
 create mode 100644 research/p9-six-route/ash-inheritance-20260909/pair-v1/execution-1/v5/v5-088.config.json
 create mode 100644 research/p9-six-route/ash-inheritance-20260909/pair-v1/execution-1/v5/v5-088.outcomes.jsonl.xz
 create mode 100644 research/p9-six-route/ash-inheritance-20260909/pair-v1/execution-1/v5/v5-088.stderr
 create mode 100644 research/p9-six-route/ash-inheritance-20260909/pair-v1/execution-1/v5/v5-088.stdout
 create mode 100644 research/p9-six-route/ash-inheritance-20260909/pair-v1/execution-1/v5/v5-088.traces.jsonl.xz
[detached HEAD 5de4fab] research(p9): preserve assigned Ash pair v5 chunk 7
 14 files changed, 126 insertions(+)
 create mode 100644 research/p9-six-route/ash-inheritance-20260909/pair-v1/execution-1/v5/v5-096.RECEIPT.json
 create mode 100644 research/p9-six-route/ash-inheritance-20260909/pair-v1/execution-1/v5/v5-096.command.json
 create mode 100644 research/p9-six-route/ash-inheritance-20260909/pair-v1/execution-1/v5/v5-096.config.json
 create mode 100644 research/p9-six-route/ash-inheritance-20260909/pair-v1/execution-1/v5/v5-096.outcomes.jsonl.xz
 create mode 100644 research/p9-six-route/ash-inheritance-20260909/pair-v1/execution-1/v5/v5-096.stderr
 create mode 100644 research/p9-six-route/ash-inheritance-20260909/pair-v1/execution-1/v5/v5-096.stdout
 create mode 100644 research/p9-six-route/ash-inheritance-20260909/pair-v1/execution-1/v5/v5-096.traces.jsonl.xz
 create mode 100644 research/p9-six-route/ash-inheritance-20260909/pair-v1/execution-1/v5/v5-104.RECEIPT.json
 create mode 100644 research/p9-six-route/ash-inheritance-20260909/pair-v1/execution-1/v5/v5-104.command.json
 create mode 100644 research/p9-six-route/ash-inheritance-20260909/pair-v1/execution-1/v5/v5-104.config.json
 create mode 100644 research/p9-six-route/ash-inheritance-20260909/pair-v1/execution-1/v5/v5-104.outcomes.jsonl.xz
 create mode 100644 research/p9-six-route/ash-inheritance-20260909/pair-v1/execution-1/v5/v5-104.stderr
 create mode 100644 research/p9-six-route/ash-inheritance-20260909/pair-v1/execution-1/v5/v5-104.stdout
 create mode 100644 research/p9-six-route/ash-inheritance-20260909/pair-v1/execution-1/v5/v5-104.traces.jsonl.xz
[detached HEAD e9465f3] research(p9): preserve assigned Ash pair v5 chunk 8
 14 files changed, 126 insertions(+)
 create mode 100644 research/p9-six-route/ash-inheritance-20260909/pair-v1/execution-1/v5/v5-112.RECEIPT.json
 create mode 100644 research/p9-six-route/ash-inheritance-20260909/pair-v1/execution-1/v5/v5-112.command.json
 create mode 100644 research/p9-six-route/ash-inheritance-20260909/pair-v1/execution-1/v5/v5-112.config.json
 create mode 100644 research/p9-six-route/ash-inheritance-20260909/pair-v1/execution-1/v5/v5-112.outcomes.jsonl.xz
 create mode 100644 research/p9-six-route/ash-inheritance-20260909/pair-v1/execution-1/v5/v5-112.stderr
 create mode 100644 research/p9-six-route/ash-inheritance-20260909/pair-v1/execution-1/v5/v5-112.stdout
 create mode 100644 research/p9-six-route/ash-inheritance-20260909/pair-v1/execution-1/v5/v5-112.traces.jsonl.xz
 create mode 100644 research/p9-six-route/ash-inheritance-20260909/pair-v1/execution-1/v5/v5-120.RECEIPT.json
 create mode 100644 research/p9-six-route/ash-inheritance-20260909/pair-v1/execution-1/v5/v5-120.command.json
 create mode 100644 research/p9-six-route/ash-inheritance-20260909/pair-v1/execution-1/v5/v5-120.config.json
 create mode 100644 research/p9-six-route/ash-inheritance-20260909/pair-v1/execution-1/v5/v5-120.outcomes.jsonl.xz
 create mode 100644 research/p9-six-route/ash-inheritance-20260909/pair-v1/execution-1/v5/v5-120.stderr
 create mode 100644 research/p9-six-route/ash-inheritance-20260909/pair-v1/execution-1/v5/v5-120.stdout
 create mode 100644 research/p9-six-route/ash-inheritance-20260909/pair-v1/execution-1/v5/v5-120.traces.jsonl.xz
[detached HEAD 9f4ef62] research(p9): preserve honest terminal of fixed inherited Ash pair
 3 files changed, 9096 insertions(+)
 create mode 100644 research/p9-six-route/ash-inheritance-20260909/pair-v1/execution-1/FILES.json
 create mode 100644 research/p9-six-route/ash-inheritance-20260909/pair-v1/execution-1/TERMINAL.json
 create mode 100644 research/p9-six-route/ash-inheritance-20260909/pair-v1/execution-1/v5/RESULTS.json
{"published_head": "9f4ef625366d2b7ad92cbdde0f9bd849d22a6afc", "terminal": {"last_vow": 5, "new_independent_package_confirmation": false, "p9_certified": false, "packages_admitted": 0, "source_head": "38561886c01cdd794265cd8d409306ab00c968d7", "stages": {"5": {"counterfactual_checks": {"consumer_clone_actions": 249}, "cross_active": 6, "gates": {"bloodfire": {"active": false, "exclusive": true, "inactive": true, "reachable": true}, "hand": {"active": true, "exclusive": true, "inactive": true, "reachable": true}}, "incremental_hp_policies": 15, "limits": ["Support is not complete certificate, source/runtime oracle or P9.", "Hand uses historical necessary activation, not proof its producer caused the later damage.", "BF clones intervene on existing stock and consumer read path; they do not model adaptive whole-run policy response or producer removal.", "Do not aggregate repeated local clone payoffs into a whole-run treatment effect.", "This fixed controller-family failure is not universal package nonviability."], "new_independent_package_confirmation": false, "outcomes": {"loss": 478, "win": 34}, "p9_certified": false, "packages": {"bloodfire": {"active": 15, "exclusive": 9, "inactive": 113, "reachable": 19}, "hand": {"active": 35, "exclusive": 29, "inactive": 93, "reachable": 36}}, "packages_admitted": 0, "pass": false, "policy_configurations": 128, "rows": 512, "status": "INHERITED_PAIR_NATURAL_SUPPORT_FAIL_IN_FIXED_POLICY_FAMILY", "vow": 5}}, "status": "INHERITED_ASH_PAIR_SUPPORT_FAIL_IN_FIXED_POLICY_FAMILY", "v0_skipped": true}}
