{
  "kind": "HAND_ADAPTIVE_INTERFACE_AND_FACTUAL_FIELDS_CLOSED",
  "actual_policy_inheritance": [
    "lab_policy.gd",
    "rollout_policy.gd",
    "greedy_policy.gd",
    "greedy_stock.gd",
    "additive_policy.gd",
    "policy_buggy_v9.gd",
    "policy_v8.gd",
    "legacy_policy.gd"
  ],
  "actual_clone_call_sites": 2,
  "source_utility_packet_remotely_preserved": true,
  "future_population_authorized_by_this_closure": false,
  "remaining": "Complete prospective Hand adaptive-value and held-out descriptor/policy/peer/economy/independent-confirmation proof. No controller retuning, Bloodfire extension or model refit.",
  "review_kind": "AUTHOR_SELF_REVIEW_NOT_INDEPENDENT",
  "new_native_runs": 0,
  "new_independent_samples": 0,
  "packages_admitted": 0,
  "p9_certified": false
}
