[detached HEAD d4d334f] research(p9): freeze actual float refinement runtimes before observations
 225 files changed, 40440 insertions(+)
 create mode 100644 research/p9-six-route/ash-inheritance-20260909/planner-v1/float-fastpath-v1/execution-1/BOUND-SOURCE.json
 create mode 100644 research/p9-six-route/ash-inheritance-20260909/planner-v1/float-fastpath-v1/execution-1/RUNTIME-SOURCE.json
 create mode 100644 research/p9-six-route/ash-inheritance-20260909/planner-v1/float-fastpath-v1/execution-1/bound-source/continuation_cache.gd
 create mode 100644 research/p9-six-route/ash-inheritance-20260909/planner-v1/float-fastpath-v1/execution-1/bound-source/reference_cache.gd
 create mode 100644 research/p9-six-route/ash-inheritance-20260909/planner-v1/float-fastpath-v1/execution-1/bound-source/reference_ji.gd
 create mode 100644 research/p9-six-route/ash-inheritance-20260909/planner-v1/float-fastpath-v1/execution-1/bound-source/refined_ji.gd
 create mode 100644 research/p9-six-route/ash-inheritance-20260909/planner-v1/float-fastpath-v1/execution-1/original-qualification/RESULTS.json
 create mode 100644 research/p9-six-route/ash-inheritance-20260909/planner-v1/float-fastpath-v1/execution-1/original-qualification/TERMINAL.json
 create mode 100644 research/p9-six-route/ash-inheritance-20260909/planner-v1/float-fastpath-v1/execution-1/original-qualification/active.command.json
 create mode 100644 research/p9-six-route/ash-inheritance-20260909/planner-v1/float-fastpath-v1/execution-1/original-qualification/active.stderr
 create mode 100644 research/p9-six-route/ash-inheritance-20260909/planner-v1/float-fastpath-v1/execution-1/original-qualification/active.stdout
 create mode 100644 research/p9-six-route/ash-inheritance-20260909/planner-v1/float-fastpath-v1/execution-1/original-qualification/assembly/SOURCE-BINDING.json
 create mode 100644 research/p9-six-route/ash-inheritance-20260909/planner-v1/float-fastpath-v1/execution-1/original-qualification/assembly/baseline/additive_policy.gd
 create mode 100644 research/p9-six-route/ash-inheritance-20260909/planner-v1/float-fastpath-v1/execution-1/original-qualification/assembly/baseline/additive_policy.gd.uid
 create mode 100644 research/p9-six-route/ash-inheritance-20260909/planner-v1/float-fastpath-v1/execution-1/original-qualification/assembly/baseline/content/content_db.gd
 create mode 100644 research/p9-six-route/ash-inheritance-20260909/planner-v1/float-fastpath-v1/execution-1/original-qualification/assembly/baseline/content/content_db.gd.uid
 create mode 100644 research/p9-six-route/ash-inheritance-20260909/planner-v1/float-fastpath-v1/execution-1/original-qualification/assembly/baseline/content/full-content.json
 create mode 100644 research/p9-six-route/ash-inheritance-20260909/planner-v1/float-fastpath-v1/execution-1/original-qualification/assembly/baseline/content/line-table.json
 create mode 100644 research/p9-six-route/ash-inheritance-20260909/planner-v1/float-fastpath-v1/execution-1/original-qualification/assembly/baseline/content/mob-overrides.json
 create mode 100644 research/p9-six-route/ash-inheritance-20260909/planner-v1/float-fastpath-v1/execution-1/original-qualification/assembly/baseline/content/scenes.json
 create mode 100644 research/p9-six-route/ash-inheritance-20260909/planner-v1/float-fastpath-v1/execution-1/original-qualification/assembly/baseline/decision_gate.gd
 create mode 100644 research/p9-six-route/ash-inheritance-20260909/planner-v1/float-fastpath-v1/execution-1/original-qualification/assembly/baseline/decision_gate.gd.uid
 create mode 100644 research/p9-six-route/ash-inheritance-20260909/planner-v1/float-fastpath-v1/execution-1/original-qualification/assembly/baseline/domain/events/event_types.gd
 create mode 100644 research/p9-six-route/ash-inheritance-20260909/planner-v1/float-fastpath-v1/execution-1/original-qualification/assembly/baseline/domain/events/event_types.gd.uid
 create mode 100644 research/p9-six-route/ash-inheritance-20260909/planner-v1/float-fastpath-v1/execution-1/original-qualification/assembly/baseline/domain/game.gd
 create mode 100644 research/p9-six-route/ash-inheritance-20260909/planner-v1/float-fastpath-v1/execution-1/original-qualification/assembly/baseline/domain/game.gd.uid
 create mode 100644 research/p9-six-route/ash-inheritance-20260909/planner-v1/float-fastpath-v1/execution-1/original-qualification/assembly/baseline/domain/map_layout/map_layout_canonical.gd
 create mode 100644 research/p9-six-route/ash-inheritance-20260909/planner-v1/float-fastpath-v1/execution-1/original-qualification/assembly/baseline/domain/map_layout/map_layout_canonical.gd.uid
 create mode 100644 research/p9-six-route/ash-inheritance-20260909/planner-v1/float-fastpath-v1/execution-1/original-qualification/assembly/baseline/domain/map_layout/map_layout_input.gd
 create mode 100644 research/p9-six-route/ash-inheritance-20260909/planner-v1/float-fastpath-v1/execution-1/original-qualification/assembly/baseline/domain/map_layout/map_layout_input.gd.uid
 create mode 100644 research/p9-six-route/ash-inheritance-20260909/planner-v1/float-fastpath-v1/execution-1/original-qualification/assembly/baseline/domain/map_layout/map_layout_input_binding.gd
 create mode 100644 research/p9-six-route/ash-inheritance-20260909/planner-v1/float-fastpath-v1/execution-1/original-qualification/assembly/baseline/domain/map_layout/map_layout_input_binding.gd.uid
 create mode 100644 research/p9-six-route/ash-inheritance-20260909/planner-v1/float-fastpath-v1/execution-1/original-qualification/assembly/baseline/domain/map_layout/map_layout_result.gd
 create mode 100644 research/p9-six-route/ash-inheritance-20260909/planner-v1/float-fastpath-v1/execution-1/original-qualification/assembly/baseline/domain/map_layout/map_layout_result.gd.uid
 create mode 100644 research/p9-six-route/ash-inheritance-20260909/planner-v1/float-fastpath-v1/execution-1/original-qualification/assembly/baseline/domain/rng/rng.gd
 create mode 100644 research/p9-six-route/ash-inheritance-20260909/planner-v1/float-fastpath-v1/execution-1/original-qualification/assembly/baseline/domain/rng/rng.gd.uid
 create mode 100644 research/p9-six-route/ash-inheritance-20260909/planner-v1/float-fastpath-v1/execution-1/original-qualification/assembly/baseline/domain/rules/combat.gd
 create mode 100644 research/p9-six-route/ash-inheritance-20260909/planner-v1/float-fastpath-v1/execution-1/original-qualification/assembly/baseline/domain/rules/combat.gd.uid
 create mode 100644 research/p9-six-route/ash-inheritance-20260909/planner-v1/float-fastpath-v1/execution-1/original-qualification/assembly/baseline/domain/rules/counterfactual_self.gd
 create mode 100644 research/p9-six-route/ash-inheritance-20260909/planner-v1/float-fastpath-v1/execution-1/original-qualification/assembly/baseline/domain/rules/counterfactual_self.gd.uid
 create mode 100644 research/p9-six-route/ash-inheritance-20260909/planner-v1/float-fastpath-v1/execution-1/original-qualification/assembly/baseline/domain/rules/dawn_passages.gd
 create mode 100644 research/p9-six-route/ash-inheritance-20260909/planner-v1/float-fastpath-v1/execution-1/original-qualification/assembly/baseline/domain/rules/dawn_passages.gd.uid
 create mode 100644 research/p9-six-route/ash-inheritance-20260909/planner-v1/float-fastpath-v1/execution-1/original-qualification/assembly/baseline/domain/rules/enemy_ai.gd
 create mode 100644 research/p9-six-route/ash-inheritance-20260909/planner-v1/float-fastpath-v1/execution-1/original-qualification/assembly/baseline/domain/rules/enemy_ai.gd.uid
 create mode 100644 research/p9-six-route/ash-inheritance-20260909/planner-v1/float-fastpath-v1/execution-1/original-qualification/assembly/baseline/domain/rules/line_table.gd
 create mode 100644 research/p9-six-route/ash-inheritance-20260909/planner-v1/float-fastpath-v1/execution-1/original-qualification/assembly/baseline/domain/rules/line_table.gd.uid
 create mode 100644 research/p9-six-route/ash-inheritance-20260909/planner-v1/float-fastpath-v1/execution-1/original-qualification/assembly/baseline/domain/rules/pool_beats.gd
 create mode 100644 research/p9-six-route/ash-inheritance-20260909/planner-v1/float-fastpath-v1/execution-1/original-qualification/assembly/baseline/domain/rules/pool_beats.gd.uid
 create mode 100644 research/p9-six-route/ash-inheritance-20260909/planner-v1/float-fastpath-v1/execution-1/original-qualification/assembly/baseline/domain/rules/quests.gd
 create mode 100644 research/p9-six-route/ash-inheritance-20260909/planner-v1/float-fastpath-v1/execution-1/original-qualification/assembly/baseline/domain/rules/quests.gd.uid
 create mode 100644 research/p9-six-route/ash-inheritance-20260909/planner-v1/float-fastpath-v1/execution-1/original-qualification/assembly/baseline/domain/rules/rewards.gd
 create mode 100644 research/p9-six-route/ash-inheritance-20260909/planner-v1/float-fastpath-v1/execution-1/original-qualification/assembly/baseline/domain/rules/rewards.gd.uid
 create mode 100644 research/p9-six-route/ash-inheritance-20260909/planner-v1/float-fastpath-v1/execution-1/original-qualification/assembly/baseline/domain/state/card_inst.gd
 create mode 100644 research/p9-six-route/ash-inheritance-20260909/planner-v1/float-fastpath-v1/execution-1/original-qualification/assembly/baseline/domain/state/card_inst.gd.uid
 create mode 100644 research/p9-six-route/ash-inheritance-20260909/planner-v1/float-fastpath-v1/execution-1/original-qualification/assembly/baseline/domain/state/combat_state.gd
 create mode 100644 research/p9-six-route/ash-inheritance-20260909/planner-v1/float-fastpath-v1/execution-1/original-qualification/assembly/baseline/domain/state/combat_state.gd.uid
 create mode 100644 research/p9-six-route/ash-inheritance-20260909/planner-v1/float-fastpath-v1/execution-1/original-qualification/assembly/baseline/domain/state/enemy_combatant.gd
 create mode 100644 research/p9-six-route/ash-inheritance-20260909/planner-v1/float-fastpath-v1/execution-1/original-qualification/assembly/baseline/domain/state/enemy_combatant.gd.uid
 create mode 100644 research/p9-six-route/ash-inheritance-20260909/planner-v1/float-fastpath-v1/execution-1/original-qualification/assembly/baseline/domain/state/map_node.gd
 create mode 100644 research/p9-six-route/ash-inheritance-20260909/planner-v1/float-fastpath-v1/execution-1/original-qualification/assembly/baseline/domain/state/map_node.gd.uid
 create mode 100644 research/p9-six-route/ash-inheritance-20260909/planner-v1/float-fastpath-v1/execution-1/original-qualification/assembly/baseline/domain/state/player_combatant.gd
 create mode 100644 research/p9-six-route/ash-inheritance-20260909/planner-v1/float-fastpath-v1/execution-1/original-qualification/assembly/baseline/domain/state/player_combatant.gd.uid
 create mode 100644 research/p9-six-route/ash-inheritance-20260909/planner-v1/float-fastpath-v1/execution-1/original-qualification/assembly/baseline/domain/state/run_state.gd
 create mode 100644 research/p9-six-route/ash-inheritance-20260909/planner-v1/float-fastpath-v1/execution-1/original-qualification/assembly/baseline/domain/state/run_state.gd.uid
 create mode 100644 research/p9-six-route/ash-inheritance-20260909/planner-v1/float-fastpath-v1/execution-1/original-qualification/assembly/baseline/domain/state/vigil_state.gd
 create mode 100644 research/p9-six-route/ash-inheritance-20260909/planner-v1/float-fastpath-v1/execution-1/original-qualification/assembly/baseline/domain/state/vigil_state.gd.uid
 create mode 100644 research/p9-six-route/ash-inheritance-20260909/planner-v1/float-fastpath-v1/execution-1/original-qualification/assembly/baseline/domain/state/world_map.gd
 create mode 100644 research/p9-six-route/ash-inheritance-20260909/planner-v1/float-fastpath-v1/execution-1/original-qualification/assembly/baseline/domain/state/world_map.gd.uid
 create mode 100644 research/p9-six-route/ash-inheritance-20260909/planner-v1/float-fastpath-v1/execution-1/original-qualification/assembly/baseline/greedy_policy.gd
 create mode 100644 research/p9-six-route/ash-inheritance-20260909/planner-v1/float-fastpath-v1/execution-1/original-qualification/assembly/baseline/greedy_policy.gd.uid
 create mode 100644 research/p9-six-route/ash-inheritance-20260909/planner-v1/float-fastpath-v1/execution-1/original-qualification/assembly/baseline/greedy_stock.gd
 create mode 100644 research/p9-six-route/ash-inheritance-20260909/planner-v1/float-fastpath-v1/execution-1/original-qualification/assembly/baseline/greedy_stock.gd.uid
 create mode 100644 research/p9-six-route/ash-inheritance-20260909/planner-v1/float-fastpath-v1/execution-1/original-qualification/assembly/baseline/lab_policy.gd
 create mode 100644 research/p9-six-route/ash-inheritance-20260909/planner-v1/float-fastpath-v1/execution-1/original-qualification/assembly/baseline/lab_policy.gd.uid
 create mode 100644 research/p9-six-route/ash-inheritance-20260909/planner-v1/float-fastpath-v1/execution-1/original-qualification/assembly/baseline/legacy_policy.gd
 create mode 100644 research/p9-six-route/ash-inheritance-20260909/planner-v1/float-fastpath-v1/execution-1/original-qualification/assembly/baseline/legacy_policy.gd.uid
 create mode 100644 research/p9-six-route/ash-inheritance-20260909/planner-v1/float-fastpath-v1/execution-1/original-qualification/assembly/baseline/policy_buggy_v9.gd
 create mode 100644 research/p9-six-route/ash-inheritance-20260909/planner-v1/float-fastpath-v1/execution-1/original-qualification/assembly/baseline/policy_buggy_v9.gd.uid
 create mode 100644 research/p9-six-route/ash-inheritance-20260909/planner-v1/float-fastpath-v1/execution-1/original-qualification/assembly/baseline/policy_v8.gd
 create mode 100644 research/p9-six-route/ash-inheritance-20260909/planner-v1/float-fastpath-v1/execution-1/original-qualification/assembly/baseline/policy_v8.gd.uid
 create mode 100644 research/p9-six-route/ash-inheritance-20260909/planner-v1/float-fastpath-v1/execution-1/original-qualification/assembly/baseline/probe.gd
 create mode 100644 research/p9-six-route/ash-inheritance-20260909/planner-v1/float-fastpath-v1/execution-1/original-qualification/assembly/baseline/probe.gd.uid
 create mode 100644 research/p9-six-route/ash-inheritance-20260909/planner-v1/float-fastpath-v1/execution-1/original-qualification/assembly/baseline/project.godot
 create mode 100644 research/p9-six-route/ash-inheritance-20260909/planner-v1/float-fastpath-v1/execution-1/original-qualification/assembly/baseline/public_rollout.gd
 create mode 100644 research/p9-six-route/ash-inheritance-20260909/planner-v1/float-fastpath-v1/execution-1/original-qualification/assembly/baseline/public_rollout.gd.uid
 create mode 100644 research/p9-six-route/ash-inheritance-20260909/planner-v1/float-fastpath-v1/execution-1/original-qualification/assembly/baseline/public_rollout_base.gd
 create mode 100644 research/p9-six-route/ash-inheritance-20260909/planner-v1/float-fastpath-v1/execution-1/original-qualification/assembly/baseline/public_rollout_base.gd.uid
 create mode 100644 research/p9-six-route/ash-inheritance-20260909/planner-v1/float-fastpath-v1/execution-1/original-qualification/assembly/baseline/rollout_policy.gd
 create mode 100644 research/p9-six-route/ash-inheritance-20260909/planner-v1/float-fastpath-v1/execution-1/original-qualification/assembly/baseline/rollout_policy.gd.uid
 create mode 100644 research/p9-six-route/ash-inheritance-20260909/planner-v1/float-fastpath-v1/execution-1/original-qualification/assembly/baseline/tools/balance_catalogue.gd
 create mode 100644 research/p9-six-route/ash-inheritance-20260909/planner-v1/float-fastpath-v1/execution-1/original-qualification/assembly/baseline/tools/balance_catalogue.gd.uid
 create mode 100644 research/p9-six-route/ash-inheritance-20260909/planner-v1/float-fastpath-v1/execution-1/original-qualification/assembly/baseline/tools/balance_metrics.gd
 create mode 100644 research/p9-six-route/ash-inheritance-20260909/planner-v1/float-fastpath-v1/execution-1/original-qualification/assembly/baseline/tools/balance_metrics.gd.uid
 create mode 100644 research/p9-six-route/ash-inheritance-20260909/planner-v1/float-fastpath-v1/execution-1/original-qualification/assembly/baseline/tools/balance_pilot.gd
 create mode 100644 research/p9-six-route/ash-inheritance-20260909/planner-v1/float-fastpath-v1/execution-1/original-qualification/assembly/baseline/tools/balance_pilot.gd.uid
 create mode 100644 research/p9-six-route/ash-inheritance-20260909/planner-v1/float-fastpath-v1/execution-1/original-qualification/assembly/baseline/tools/balance_policy.gd
 create mode 100644 research/p9-six-route/ash-inheritance-20260909/planner-v1/float-fastpath-v1/execution-1/original-qualification/assembly/baseline/tools/balance_policy.gd.uid
 create mode 100644 research/p9-six-route/ash-inheritance-20260909/planner-v1/float-fastpath-v1/execution-1/original-qualification/assembly/baseline/tools/balance_sim.gd
 create mode 100644 research/p9-six-route/ash-inheritance-20260909/planner-v1/float-fastpath-v1/execution-1/original-qualification/assembly/baseline/tools/balance_sim.gd.uid
 create mode 100644 research/p9-six-route/ash-inheritance-20260909/planner-v1/float-fastpath-v1/execution-1/original-qualification/assembly/baseline/tools/check_scripts.sh
 create mode 100644 research/p9-six-route/ash-inheritance-20260909/planner-v1/float-fastpath-v1/execution-1/original-qualification/assembly/baseline/tools/vow_incentives.gd
 create mode 100644 research/p9-six-route/ash-inheritance-20260909/planner-v1/float-fastpath-v1/execution-1/original-qualification/assembly/baseline/tools/vow_incentives.gd.uid
 create mode 100644 research/p9-six-route/ash-inheritance-20260909/planner-v1/float-fastpath-v1/execution-1/original-qualification/assembly/candidate/additive_policy.gd
 create mode 100644 research/p9-six-route/ash-inheritance-20260909/planner-v1/float-fastpath-v1/execution-1/original-qualification/assembly/candidate/additive_policy.gd.uid
 create mode 100644 research/p9-six-route/ash-inheritance-20260909/planner-v1/float-fastpath-v1/execution-1/original-qualification/assembly/candidate/content/content_db.gd
 create mode 100644 research/p9-six-route/ash-inheritance-20260909/planner-v1/float-fastpath-v1/execution-1/original-qualification/assembly/candidate/content/content_db.gd.uid
 create mode 100644 research/p9-six-route/ash-inheritance-20260909/planner-v1/float-fastpath-v1/execution-1/original-qualification/assembly/candidate/content/full-content.json
 create mode 100644 research/p9-six-route/ash-inheritance-20260909/planner-v1/float-fastpath-v1/execution-1/original-qualification/assembly/candidate/content/line-table.json
 create mode 100644 research/p9-six-route/ash-inheritance-20260909/planner-v1/float-fastpath-v1/execution-1/original-qualification/assembly/candidate/content/mob-overrides.json
 create mode 100644 research/p9-six-route/ash-inheritance-20260909/planner-v1/float-fastpath-v1/execution-1/original-qualification/assembly/candidate/content/scenes.json
 create mode 100644 research/p9-six-route/ash-inheritance-20260909/planner-v1/float-fastpath-v1/execution-1/original-qualification/assembly/candidate/decision_gate.gd
 create mode 100644 research/p9-six-route/ash-inheritance-20260909/planner-v1/float-fastpath-v1/execution-1/original-qualification/assembly/candidate/decision_gate.gd.uid
 create mode 100644 research/p9-six-route/ash-inheritance-20260909/planner-v1/float-fastpath-v1/execution-1/original-qualification/assembly/candidate/domain/events/event_types.gd
 create mode 100644 research/p9-six-route/ash-inheritance-20260909/planner-v1/float-fastpath-v1/execution-1/original-qualification/assembly/candidate/domain/events/event_types.gd.uid
 create mode 100644 research/p9-six-route/ash-inheritance-20260909/planner-v1/float-fastpath-v1/execution-1/original-qualification/assembly/candidate/domain/game.gd
 create mode 100644 research/p9-six-route/ash-inheritance-20260909/planner-v1/float-fastpath-v1/execution-1/original-qualification/assembly/candidate/domain/game.gd.uid
 create mode 100644 research/p9-six-route/ash-inheritance-20260909/planner-v1/float-fastpath-v1/execution-1/original-qualification/assembly/candidate/domain/map_layout/map_layout_canonical.gd
 create mode 100644 research/p9-six-route/ash-inheritance-20260909/planner-v1/float-fastpath-v1/execution-1/original-qualification/assembly/candidate/domain/map_layout/map_layout_canonical.gd.uid
 create mode 100644 research/p9-six-route/ash-inheritance-20260909/planner-v1/float-fastpath-v1/execution-1/original-qualification/assembly/candidate/domain/map_layout/map_layout_input.gd
 create mode 100644 research/p9-six-route/ash-inheritance-20260909/planner-v1/float-fastpath-v1/execution-1/original-qualification/assembly/candidate/domain/map_layout/map_layout_input.gd.uid
 create mode 100644 research/p9-six-route/ash-inheritance-20260909/planner-v1/float-fastpath-v1/execution-1/original-qualification/assembly/candidate/domain/map_layout/map_layout_input_binding.gd
 create mode 100644 research/p9-six-route/ash-inheritance-20260909/planner-v1/float-fastpath-v1/execution-1/original-qualification/assembly/candidate/domain/map_layout/map_layout_input_binding.gd.uid
 create mode 100644 research/p9-six-route/ash-inheritance-20260909/planner-v1/float-fastpath-v1/execution-1/original-qualification/assembly/candidate/domain/map_layout/map_layout_result.gd
 create mode 100644 research/p9-six-route/ash-inheritance-20260909/planner-v1/float-fastpath-v1/execution-1/original-qualification/assembly/candidate/domain/map_layout/map_layout_result.gd.uid
 create mode 100644 research/p9-six-route/ash-inheritance-20260909/planner-v1/float-fastpath-v1/execution-1/original-qualification/assembly/candidate/domain/rng/rng.gd
 create mode 100644 research/p9-six-route/ash-inheritance-20260909/planner-v1/float-fastpath-v1/execution-1/original-qualification/assembly/candidate/domain/rng/rng.gd.uid
 create mode 100644 research/p9-six-route/ash-inheritance-20260909/planner-v1/float-fastpath-v1/execution-1/original-qualification/assembly/candidate/domain/rules/combat.gd
 create mode 100644 research/p9-six-route/ash-inheritance-20260909/planner-v1/float-fastpath-v1/execution-1/original-qualification/assembly/candidate/domain/rules/combat.gd.uid
 create mode 100644 research/p9-six-route/ash-inheritance-20260909/planner-v1/float-fastpath-v1/execution-1/original-qualification/assembly/candidate/domain/rules/counterfactual_self.gd
 create mode 100644 research/p9-six-route/ash-inheritance-20260909/planner-v1/float-fastpath-v1/execution-1/original-qualification/assembly/candidate/domain/rules/counterfactual_self.gd.uid
 create mode 100644 research/p9-six-route/ash-inheritance-20260909/planner-v1/float-fastpath-v1/execution-1/original-qualification/assembly/candidate/domain/rules/dawn_passages.gd
 create mode 100644 research/p9-six-route/ash-inheritance-20260909/planner-v1/float-fastpath-v1/execution-1/original-qualification/assembly/candidate/domain/rules/dawn_passages.gd.uid
 create mode 100644 research/p9-six-route/ash-inheritance-20260909/planner-v1/float-fastpath-v1/execution-1/original-qualification/assembly/candidate/domain/rules/enemy_ai.gd
 create mode 100644 research/p9-six-route/ash-inheritance-20260909/planner-v1/float-fastpath-v1/execution-1/original-qualification/assembly/candidate/domain/rules/enemy_ai.gd.uid
 create mode 100644 research/p9-six-route/ash-inheritance-20260909/planner-v1/float-fastpath-v1/execution-1/original-qualification/assembly/candidate/domain/rules/line_table.gd
 create mode 100644 research/p9-six-route/ash-inheritance-20260909/planner-v1/float-fastpath-v1/execution-1/original-qualification/assembly/candidate/domain/rules/line_table.gd.uid
 create mode 100644 research/p9-six-route/ash-inheritance-20260909/planner-v1/float-fastpath-v1/execution-1/original-qualification/assembly/candidate/domain/rules/pool_beats.gd
 create mode 100644 research/p9-six-route/ash-inheritance-20260909/planner-v1/float-fastpath-v1/execution-1/original-qualification/assembly/candidate/domain/rules/pool_beats.gd.uid
 create mode 100644 research/p9-six-route/ash-inheritance-20260909/planner-v1/float-fastpath-v1/execution-1/original-qualification/assembly/candidate/domain/rules/quests.gd
 create mode 100644 research/p9-six-route/ash-inheritance-20260909/planner-v1/float-fastpath-v1/execution-1/original-qualification/assembly/candidate/domain/rules/quests.gd.uid
 create mode 100644 research/p9-six-route/ash-inheritance-20260909/planner-v1/float-fastpath-v1/execution-1/original-qualification/assembly/candidate/domain/rules/rewards.gd
 create mode 100644 research/p9-six-route/ash-inheritance-20260909/planner-v1/float-fastpath-v1/execution-1/original-qualification/assembly/candidate/domain/rules/rewards.gd.uid
 create mode 100644 research/p9-six-route/ash-inheritance-20260909/planner-v1/float-fastpath-v1/execution-1/original-qualification/assembly/candidate/domain/state/card_inst.gd
 create mode 100644 research/p9-six-route/ash-inheritance-20260909/planner-v1/float-fastpath-v1/execution-1/original-qualification/assembly/candidate/domain/state/card_inst.gd.uid
 create mode 100644 research/p9-six-route/ash-inheritance-20260909/planner-v1/float-fastpath-v1/execution-1/original-qualification/assembly/candidate/domain/state/combat_state.gd
 create mode 100644 research/p9-six-route/ash-inheritance-20260909/planner-v1/float-fastpath-v1/execution-1/original-qualification/assembly/candidate/domain/state/combat_state.gd.uid
 create mode 100644 research/p9-six-route/ash-inheritance-20260909/planner-v1/float-fastpath-v1/execution-1/original-qualification/assembly/candidate/domain/state/enemy_combatant.gd
 create mode 100644 research/p9-six-route/ash-inheritance-20260909/planner-v1/float-fastpath-v1/execution-1/original-qualification/assembly/candidate/domain/state/enemy_combatant.gd.uid
 create mode 100644 research/p9-six-route/ash-inheritance-20260909/planner-v1/float-fastpath-v1/execution-1/original-qualification/assembly/candidate/domain/state/map_node.gd
 create mode 100644 research/p9-six-route/ash-inheritance-20260909/planner-v1/float-fastpath-v1/execution-1/original-qualification/assembly/candidate/domain/state/map_node.gd.uid
 create mode 100644 research/p9-six-route/ash-inheritance-20260909/planner-v1/float-fastpath-v1/execution-1/original-qualification/assembly/candidate/domain/state/player_combatant.gd
 create mode 100644 research/p9-six-route/ash-inheritance-20260909/planner-v1/float-fastpath-v1/execution-1/original-qualification/assembly/candidate/domain/state/player_combatant.gd.uid
 create mode 100644 research/p9-six-route/ash-inheritance-20260909/planner-v1/float-fastpath-v1/execution-1/original-qualification/assembly/candidate/domain/state/run_state.gd
 create mode 100644 research/p9-six-route/ash-inheritance-20260909/planner-v1/float-fastpath-v1/execution-1/original-qualification/assembly/candidate/domain/state/run_state.gd.uid
 create mode 100644 research/p9-six-route/ash-inheritance-20260909/planner-v1/float-fastpath-v1/execution-1/original-qualification/assembly/candidate/domain/state/vigil_state.gd
 create mode 100644 research/p9-six-route/ash-inheritance-20260909/planner-v1/float-fastpath-v1/execution-1/original-qualification/assembly/candidate/domain/state/vigil_state.gd.uid
 create mode 100644 research/p9-six-route/ash-inheritance-20260909/planner-v1/float-fastpath-v1/execution-1/original-qualification/assembly/candidate/domain/state/world_map.gd
 create mode 100644 research/p9-six-route/ash-inheritance-20260909/planner-v1/float-fastpath-v1/execution-1/original-qualification/assembly/candidate/domain/state/world_map.gd.uid
 create mode 100644 research/p9-six-route/ash-inheritance-20260909/planner-v1/float-fastpath-v1/execution-1/original-qualification/assembly/candidate/greedy_policy.gd
 create mode 100644 research/p9-six-route/ash-inheritance-20260909/planner-v1/float-fastpath-v1/execution-1/original-qualification/assembly/candidate/greedy_policy.gd.uid
 create mode 100644 research/p9-six-route/ash-inheritance-20260909/planner-v1/float-fastpath-v1/execution-1/original-qualification/assembly/candidate/greedy_stock.gd
 create mode 100644 research/p9-six-route/ash-inheritance-20260909/planner-v1/float-fastpath-v1/execution-1/original-qualification/assembly/candidate/greedy_stock.gd.uid
 create mode 100644 research/p9-six-route/ash-inheritance-20260909/planner-v1/float-fastpath-v1/execution-1/original-qualification/assembly/candidate/lab_policy.gd
 create mode 100644 research/p9-six-route/ash-inheritance-20260909/planner-v1/float-fastpath-v1/execution-1/original-qualification/assembly/candidate/lab_policy.gd.uid
 create mode 100644 research/p9-six-route/ash-inheritance-20260909/planner-v1/float-fastpath-v1/execution-1/original-qualification/assembly/candidate/legacy_policy.gd
 create mode 100644 research/p9-six-route/ash-inheritance-20260909/planner-v1/float-fastpath-v1/execution-1/original-qualification/assembly/candidate/legacy_policy.gd.uid
 create mode 100644 research/p9-six-route/ash-inheritance-20260909/planner-v1/float-fastpath-v1/execution-1/original-qualification/assembly/candidate/policy_buggy_v9.gd
 create mode 100644 research/p9-six-route/ash-inheritance-20260909/planner-v1/float-fastpath-v1/execution-1/original-qualification/assembly/candidate/policy_buggy_v9.gd.uid
 create mode 100644 research/p9-six-route/ash-inheritance-20260909/planner-v1/float-fastpath-v1/execution-1/original-qualification/assembly/candidate/policy_v8.gd
 create mode 100644 research/p9-six-route/ash-inheritance-20260909/planner-v1/float-fastpath-v1/execution-1/original-qualification/assembly/candidate/policy_v8.gd.uid
 create mode 100644 research/p9-six-route/ash-inheritance-20260909/planner-v1/float-fastpath-v1/execution-1/original-qualification/assembly/candidate/probe.gd
 create mode 100644 research/p9-six-route/ash-inheritance-20260909/planner-v1/float-fastpath-v1/execution-1/original-qualification/assembly/candidate/probe.gd.uid
 create mode 100644 research/p9-six-route/ash-inheritance-20260909/planner-v1/float-fastpath-v1/execution-1/original-qualification/assembly/candidate/project.godot
 create mode 100644 research/p9-six-route/ash-inheritance-20260909/planner-v1/float-fastpath-v1/execution-1/original-qualification/assembly/candidate/public_rollout.gd
 create mode 100644 research/p9-six-route/ash-inheritance-20260909/planner-v1/float-fastpath-v1/execution-1/original-qualification/assembly/candidate/public_rollout.gd.uid
 create mode 100644 research/p9-six-route/ash-inheritance-20260909/planner-v1/float-fastpath-v1/execution-1/original-qualification/assembly/candidate/public_rollout_base.gd
 create mode 100644 research/p9-six-route/ash-inheritance-20260909/planner-v1/float-fastpath-v1/execution-1/original-qualification/assembly/candidate/public_rollout_base.gd.uid
 create mode 100644 research/p9-six-route/ash-inheritance-20260909/planner-v1/float-fastpath-v1/execution-1/original-qualification/assembly/candidate/rollout_policy.gd
 create mode 100644 research/p9-six-route/ash-inheritance-20260909/planner-v1/float-fastpath-v1/execution-1/original-qualification/assembly/candidate/rollout_policy.gd.uid
 create mode 100644 research/p9-six-route/ash-inheritance-20260909/planner-v1/float-fastpath-v1/execution-1/original-qualification/assembly/candidate/tools/balance_catalogue.gd
 create mode 100644 research/p9-six-route/ash-inheritance-20260909/planner-v1/float-fastpath-v1/execution-1/original-qualification/assembly/candidate/tools/balance_catalogue.gd.uid
 create mode 100644 research/p9-six-route/ash-inheritance-20260909/planner-v1/float-fastpath-v1/execution-1/original-qualification/assembly/candidate/tools/balance_metrics.gd
 create mode 100644 research/p9-six-route/ash-inheritance-20260909/planner-v1/float-fastpath-v1/execution-1/original-qualification/assembly/candidate/tools/balance_metrics.gd.uid
 create mode 100644 research/p9-six-route/ash-inheritance-20260909/planner-v1/float-fastpath-v1/execution-1/original-qualification/assembly/candidate/tools/balance_pilot.gd
 create mode 100644 research/p9-six-route/ash-inheritance-20260909/planner-v1/float-fastpath-v1/execution-1/original-qualification/assembly/candidate/tools/balance_pilot.gd.uid
 create mode 100644 research/p9-six-route/ash-inheritance-20260909/planner-v1/float-fastpath-v1/execution-1/original-qualification/assembly/candidate/tools/balance_policy.gd
 create mode 100644 research/p9-six-route/ash-inheritance-20260909/planner-v1/float-fastpath-v1/execution-1/original-qualification/assembly/candidate/tools/balance_policy.gd.uid
 create mode 100644 research/p9-six-route/ash-inheritance-20260909/planner-v1/float-fastpath-v1/execution-1/original-qualification/assembly/candidate/tools/balance_sim.gd
 create mode 100644 research/p9-six-route/ash-inheritance-20260909/planner-v1/float-fastpath-v1/execution-1/original-qualification/assembly/candidate/tools/balance_sim.gd.uid
 create mode 100644 research/p9-six-route/ash-inheritance-20260909/planner-v1/float-fastpath-v1/execution-1/original-qualification/assembly/candidate/tools/check_scripts.sh
 create mode 100644 research/p9-six-route/ash-inheritance-20260909/planner-v1/float-fastpath-v1/execution-1/original-qualification/assembly/candidate/tools/vow_incentives.gd
 create mode 100644 research/p9-six-route/ash-inheritance-20260909/planner-v1/float-fastpath-v1/execution-1/original-qualification/assembly/candidate/tools/vow_incentives.gd.uid
 create mode 100644 research/p9-six-route/ash-inheritance-20260909/planner-v1/float-fastpath-v1/execution-1/original-qualification/baseline-import.command.json
 create mode 100644 research/p9-six-route/ash-inheritance-20260909/planner-v1/float-fastpath-v1/execution-1/original-qualification/baseline-import.stderr
 create mode 100644 research/p9-six-route/ash-inheritance-20260909/planner-v1/float-fastpath-v1/execution-1/original-qualification/baseline-import.stdout
 create mode 100644 research/p9-six-route/ash-inheritance-20260909/planner-v1/float-fastpath-v1/execution-1/original-qualification/baseline-parse.command.json
 create mode 100644 research/p9-six-route/ash-inheritance-20260909/planner-v1/float-fastpath-v1/execution-1/original-qualification/baseline-parse.stderr
 create mode 100644 research/p9-six-route/ash-inheritance-20260909/planner-v1/float-fastpath-v1/execution-1/original-qualification/baseline-parse.stdout
 create mode 100644 research/p9-six-route/ash-inheritance-20260909/planner-v1/float-fastpath-v1/execution-1/original-qualification/baseline.command.json
 create mode 100644 research/p9-six-route/ash-inheritance-20260909/planner-v1/float-fastpath-v1/execution-1/original-qualification/baseline.stderr
 create mode 100644 research/p9-six-route/ash-inheritance-20260909/planner-v1/float-fastpath-v1/execution-1/original-qualification/baseline.stdout
 create mode 100644 research/p9-six-route/ash-inheritance-20260909/planner-v1/float-fastpath-v1/execution-1/original-qualification/candidate-import.command.json
 create mode 100644 research/p9-six-route/ash-inheritance-20260909/planner-v1/float-fastpath-v1/execution-1/original-qualification/candidate-import.stderr
 create mode 100644 research/p9-six-route/ash-inheritance-20260909/planner-v1/float-fastpath-v1/execution-1/original-qualification/candidate-import.stdout
 create mode 100644 research/p9-six-route/ash-inheritance-20260909/planner-v1/float-fastpath-v1/execution-1/original-qualification/candidate-parse.command.json
 create mode 100644 research/p9-six-route/ash-inheritance-20260909/planner-v1/float-fastpath-v1/execution-1/original-qualification/candidate-parse.stderr
 create mode 100644 research/p9-six-route/ash-inheritance-20260909/planner-v1/float-fastpath-v1/execution-1/original-qualification/candidate-parse.stdout
 create mode 100644 research/p9-six-route/ash-inheritance-20260909/planner-v1/float-fastpath-v1/execution-1/original-qualification/consumer_off.command.json
 create mode 100644 research/p9-six-route/ash-inheritance-20260909/planner-v1/float-fastpath-v1/execution-1/original-qualification/consumer_off.stderr
 create mode 100644 research/p9-six-route/ash-inheritance-20260909/planner-v1/float-fastpath-v1/execution-1/original-qualification/consumer_off.stdout
 create mode 100644 research/p9-six-route/ash-inheritance-20260909/planner-v1/float-fastpath-v1/execution-1/original-qualification/off.command.json
 create mode 100644 research/p9-six-route/ash-inheritance-20260909/planner-v1/float-fastpath-v1/execution-1/original-qualification/off.stderr
 create mode 100644 research/p9-six-route/ash-inheritance-20260909/planner-v1/float-fastpath-v1/execution-1/original-qualification/off.stdout
 create mode 100644 research/p9-six-route/ash-inheritance-20260909/planner-v1/float-fastpath-v1/execution-1/original-qualification/producer_off.command.json
 create mode 100644 research/p9-six-route/ash-inheritance-20260909/planner-v1/float-fastpath-v1/execution-1/original-qualification/producer_off.stderr
 create mode 100644 research/p9-six-route/ash-inheritance-20260909/planner-v1/float-fastpath-v1/execution-1/original-qualification/producer_off.stdout
 create mode 100644 research/p9-six-route/ash-inheritance-20260909/planner-v1/float-fastpath-v1/execution-1/original-qualification/raw/active.jsonl
 create mode 100644 research/p9-six-route/ash-inheritance-20260909/planner-v1/float-fastpath-v1/execution-1/original-qualification/raw/baseline.jsonl
 create mode 100644 research/p9-six-route/ash-inheritance-20260909/planner-v1/float-fastpath-v1/execution-1/original-qualification/raw/consumer_off.jsonl
 create mode 100644 research/p9-six-route/ash-inheritance-20260909/planner-v1/float-fastpath-v1/execution-1/original-qualification/raw/off.jsonl
 create mode 100644 research/p9-six-route/ash-inheritance-20260909/planner-v1/float-fastpath-v1/execution-1/original-qualification/raw/producer_off.jsonl
 create mode 100644 research/p9-six-route/ash-inheritance-20260909/planner-v1/float-fastpath-v1/execution-1/original-qualification/tests.command.json
 create mode 100644 research/p9-six-route/ash-inheritance-20260909/planner-v1/float-fastpath-v1/execution-1/original-qualification/tests.stderr
 create mode 100644 research/p9-six-route/ash-inheritance-20260909/planner-v1/float-fastpath-v1/execution-1/original-qualification/tests.stdout
 create mode 100644 research/p9-six-route/ash-inheritance-20260909/planner-v1/float-fastpath-v1/execution-1/runtime-source.tar.xz
[detached HEAD fcb0e77] research(p9): preserve float-domain and full-state preflight before timings
 63 files changed, 1284 insertions(+)
 create mode 100644 research/p9-six-route/ash-inheritance-20260909/planner-v1/float-fastpath-v1/execution-1/numeric/RESULTS.json
 create mode 100644 research/p9-six-route/ash-inheritance-20260909/planner-v1/float-fastpath-v1/execution-1/numeric/numeric.command.json
 create mode 100644 research/p9-six-route/ash-inheritance-20260909/planner-v1/float-fastpath-v1/execution-1/numeric/numeric.jsonl.xz
 create mode 100644 research/p9-six-route/ash-inheritance-20260909/planner-v1/float-fastpath-v1/execution-1/numeric/numeric.stderr
 create mode 100644 research/p9-six-route/ash-inheritance-20260909/planner-v1/float-fastpath-v1/execution-1/numeric/numeric.stdout
 create mode 100644 research/p9-six-route/ash-inheritance-20260909/planner-v1/float-fastpath-v1/execution-1/qualification/MUTANT.json
 create mode 100644 research/p9-six-route/ash-inheritance-20260909/planner-v1/float-fastpath-v1/execution-1/qualification/active.command.json
 create mode 100644 research/p9-six-route/ash-inheritance-20260909/planner-v1/float-fastpath-v1/execution-1/qualification/active.jsonl
 create mode 100644 research/p9-six-route/ash-inheritance-20260909/planner-v1/float-fastpath-v1/execution-1/qualification/active.stderr
 create mode 100644 research/p9-six-route/ash-inheritance-20260909/planner-v1/float-fastpath-v1/execution-1/qualification/active.stdout
 create mode 100644 research/p9-six-route/ash-inheritance-20260909/planner-v1/float-fastpath-v1/execution-1/qualification/baseline.command.json
 create mode 100644 research/p9-six-route/ash-inheritance-20260909/planner-v1/float-fastpath-v1/execution-1/qualification/baseline.jsonl
 create mode 100644 research/p9-six-route/ash-inheritance-20260909/planner-v1/float-fastpath-v1/execution-1/qualification/baseline.stderr
 create mode 100644 research/p9-six-route/ash-inheritance-20260909/planner-v1/float-fastpath-v1/execution-1/qualification/baseline.stdout
 create mode 100644 research/p9-six-route/ash-inheritance-20260909/planner-v1/float-fastpath-v1/execution-1/qualification/cache-lifecycle.command.json
 create mode 100644 research/p9-six-route/ash-inheritance-20260909/planner-v1/float-fastpath-v1/execution-1/qualification/cache-lifecycle.jsonl
 create mode 100644 research/p9-six-route/ash-inheritance-20260909/planner-v1/float-fastpath-v1/execution-1/qualification/cache-lifecycle.stderr
 create mode 100644 research/p9-six-route/ash-inheritance-20260909/planner-v1/float-fastpath-v1/execution-1/qualification/cache-lifecycle.stdout
 create mode 100644 research/p9-six-route/ash-inheritance-20260909/planner-v1/float-fastpath-v1/execution-1/qualification/consumer_off.command.json
 create mode 100644 research/p9-six-route/ash-inheritance-20260909/planner-v1/float-fastpath-v1/execution-1/qualification/consumer_off.jsonl
 create mode 100644 research/p9-six-route/ash-inheritance-20260909/planner-v1/float-fastpath-v1/execution-1/qualification/consumer_off.stderr
 create mode 100644 research/p9-six-route/ash-inheritance-20260909/planner-v1/float-fastpath-v1/execution-1/qualification/consumer_off.stdout
 create mode 100644 research/p9-six-route/ash-inheritance-20260909/planner-v1/float-fastpath-v1/execution-1/qualification/off.command.json
 create mode 100644 research/p9-six-route/ash-inheritance-20260909/planner-v1/float-fastpath-v1/execution-1/qualification/off.jsonl
 create mode 100644 research/p9-six-route/ash-inheritance-20260909/planner-v1/float-fastpath-v1/execution-1/qualification/off.stderr
 create mode 100644 research/p9-six-route/ash-inheritance-20260909/planner-v1/float-fastpath-v1/execution-1/qualification/off.stdout
 create mode 100644 research/p9-six-route/ash-inheritance-20260909/planner-v1/float-fastpath-v1/execution-1/qualification/producer_off.command.json
 create mode 100644 research/p9-six-route/ash-inheritance-20260909/planner-v1/float-fastpath-v1/execution-1/qualification/producer_off.jsonl
 create mode 100644 research/p9-six-route/ash-inheritance-20260909/planner-v1/float-fastpath-v1/execution-1/qualification/producer_off.stderr
 create mode 100644 research/p9-six-route/ash-inheritance-20260909/planner-v1/float-fastpath-v1/execution-1/qualification/producer_off.stdout
 create mode 100644 research/p9-six-route/ash-inheritance-20260909/planner-v1/float-fastpath-v1/execution-1/qualification/qual-baseline-import.command.json
 create mode 100644 research/p9-six-route/ash-inheritance-20260909/planner-v1/float-fastpath-v1/execution-1/qualification/qual-baseline-import.stderr
 create mode 100644 research/p9-six-route/ash-inheritance-20260909/planner-v1/float-fastpath-v1/execution-1/qualification/qual-baseline-import.stdout
 create mode 100644 research/p9-six-route/ash-inheritance-20260909/planner-v1/float-fastpath-v1/execution-1/qualification/qual-baseline-parse.command.json
 create mode 100644 research/p9-six-route/ash-inheritance-20260909/planner-v1/float-fastpath-v1/execution-1/qualification/qual-baseline-parse.stderr
 create mode 100644 research/p9-six-route/ash-inheritance-20260909/planner-v1/float-fastpath-v1/execution-1/qualification/qual-baseline-parse.stdout
 create mode 100644 research/p9-six-route/ash-inheritance-20260909/planner-v1/float-fastpath-v1/execution-1/qualification/qual-candidate-import.command.json
 create mode 100644 research/p9-six-route/ash-inheritance-20260909/planner-v1/float-fastpath-v1/execution-1/qualification/qual-candidate-import.stderr
 create mode 100644 research/p9-six-route/ash-inheritance-20260909/planner-v1/float-fastpath-v1/execution-1/qualification/qual-candidate-import.stdout
 create mode 100644 research/p9-six-route/ash-inheritance-20260909/planner-v1/float-fastpath-v1/execution-1/qualification/qual-candidate-parse.command.json
 create mode 100644 research/p9-six-route/ash-inheritance-20260909/planner-v1/float-fastpath-v1/execution-1/qualification/qual-candidate-parse.stderr
 create mode 100644 research/p9-six-route/ash-inheritance-20260909/planner-v1/float-fastpath-v1/execution-1/qualification/qual-candidate-parse.stdout
 create mode 100644 research/p9-six-route/ash-inheritance-20260909/planner-v1/float-fastpath-v1/execution-1/qualification/reference-import.command.json
 create mode 100644 research/p9-six-route/ash-inheritance-20260909/planner-v1/float-fastpath-v1/execution-1/qualification/reference-import.stderr
 create mode 100644 research/p9-six-route/ash-inheritance-20260909/planner-v1/float-fastpath-v1/execution-1/qualification/reference-import.stdout
 create mode 100644 research/p9-six-route/ash-inheritance-20260909/planner-v1/float-fastpath-v1/execution-1/qualification/reference-parse.command.json
 create mode 100644 research/p9-six-route/ash-inheritance-20260909/planner-v1/float-fastpath-v1/execution-1/qualification/reference-parse.stderr
 create mode 100644 research/p9-six-route/ash-inheritance-20260909/planner-v1/float-fastpath-v1/execution-1/qualification/reference-parse.stdout
 create mode 100644 research/p9-six-route/ash-inheritance-20260909/planner-v1/float-fastpath-v1/execution-1/qualification/refined-import.command.json
 create mode 100644 research/p9-six-route/ash-inheritance-20260909/planner-v1/float-fastpath-v1/execution-1/qualification/refined-import.stderr
 create mode 100644 research/p9-six-route/ash-inheritance-20260909/planner-v1/float-fastpath-v1/execution-1/qualification/refined-import.stdout
 create mode 100644 research/p9-six-route/ash-inheritance-20260909/planner-v1/float-fastpath-v1/execution-1/qualification/refined-parse.command.json
 create mode 100644 research/p9-six-route/ash-inheritance-20260909/planner-v1/float-fastpath-v1/execution-1/qualification/refined-parse.stderr
 create mode 100644 research/p9-six-route/ash-inheritance-20260909/planner-v1/float-fastpath-v1/execution-1/qualification/refined-parse.stdout
 create mode 100644 research/p9-six-route/ash-inheritance-20260909/planner-v1/float-fastpath-v1/execution-1/qualification/stale-mutant-import.command.json
 create mode 100644 research/p9-six-route/ash-inheritance-20260909/planner-v1/float-fastpath-v1/execution-1/qualification/stale-mutant-import.stderr
 create mode 100644 research/p9-six-route/ash-inheritance-20260909/planner-v1/float-fastpath-v1/execution-1/qualification/stale-mutant-import.stdout
 create mode 100644 research/p9-six-route/ash-inheritance-20260909/planner-v1/float-fastpath-v1/execution-1/qualification/stale-mutant-parse.command.json
 create mode 100644 research/p9-six-route/ash-inheritance-20260909/planner-v1/float-fastpath-v1/execution-1/qualification/stale-mutant-parse.stderr
 create mode 100644 research/p9-six-route/ash-inheritance-20260909/planner-v1/float-fastpath-v1/execution-1/qualification/stale-mutant-parse.stdout
 create mode 100644 research/p9-six-route/ash-inheritance-20260909/planner-v1/float-fastpath-v1/execution-1/qualification/stale-mutant.jsonl
 create mode 100644 research/p9-six-route/ash-inheritance-20260909/planner-v1/float-fastpath-v1/execution-1/qualification/stale-mutant.stderr
 create mode 100644 research/p9-six-route/ash-inheritance-20260909/planner-v1/float-fastpath-v1/execution-1/qualification/stale-mutant.stdout
[detached HEAD 0d1742d] research(p9): retain assigned float benchmark repetition 0 v5-000
 16 files changed, 148 insertions(+)
 create mode 100644 research/p9-six-route/ash-inheritance-20260909/planner-v1/float-fastpath-v1/execution-1/r0/reference/v5-000.RECEIPT.json
 create mode 100644 research/p9-six-route/ash-inheritance-20260909/planner-v1/float-fastpath-v1/execution-1/r0/reference/v5-000.command.json
 create mode 100644 research/p9-six-route/ash-inheritance-20260909/planner-v1/float-fastpath-v1/execution-1/r0/reference/v5-000.config.json
 create mode 100644 research/p9-six-route/ash-inheritance-20260909/planner-v1/float-fastpath-v1/execution-1/r0/reference/v5-000.cpu.txt
 create mode 100644 research/p9-six-route/ash-inheritance-20260909/planner-v1/float-fastpath-v1/execution-1/r0/reference/v5-000.outcomes.jsonl.xz
 create mode 100644 research/p9-six-route/ash-inheritance-20260909/planner-v1/float-fastpath-v1/execution-1/r0/reference/v5-000.stderr
 create mode 100644 research/p9-six-route/ash-inheritance-20260909/planner-v1/float-fastpath-v1/execution-1/r0/reference/v5-000.stdout
 create mode 100644 research/p9-six-route/ash-inheritance-20260909/planner-v1/float-fastpath-v1/execution-1/r0/reference/v5-000.traces.jsonl.xz
 create mode 100644 research/p9-six-route/ash-inheritance-20260909/planner-v1/float-fastpath-v1/execution-1/r0/refined/v5-000.RECEIPT.json
 create mode 100644 research/p9-six-route/ash-inheritance-20260909/planner-v1/float-fastpath-v1/execution-1/r0/refined/v5-000.command.json
 create mode 100644 research/p9-six-route/ash-inheritance-20260909/planner-v1/float-fastpath-v1/execution-1/r0/refined/v5-000.config.json
 create mode 100644 research/p9-six-route/ash-inheritance-20260909/planner-v1/float-fastpath-v1/execution-1/r0/refined/v5-000.cpu.txt
 create mode 100644 research/p9-six-route/ash-inheritance-20260909/planner-v1/float-fastpath-v1/execution-1/r0/refined/v5-000.outcomes.jsonl.xz
 create mode 100644 research/p9-six-route/ash-inheritance-20260909/planner-v1/float-fastpath-v1/execution-1/r0/refined/v5-000.stderr
 create mode 100644 research/p9-six-route/ash-inheritance-20260909/planner-v1/float-fastpath-v1/execution-1/r0/refined/v5-000.stdout
 create mode 100644 research/p9-six-route/ash-inheritance-20260909/planner-v1/float-fastpath-v1/execution-1/r0/refined/v5-000.traces.jsonl.xz
[detached HEAD 0d3ad69] research(p9): retain assigned float benchmark repetition 0 v5-032
 16 files changed, 148 insertions(+)
 create mode 100644 research/p9-six-route/ash-inheritance-20260909/planner-v1/float-fastpath-v1/execution-1/r0/reference/v5-032.RECEIPT.json
 create mode 100644 research/p9-six-route/ash-inheritance-20260909/planner-v1/float-fastpath-v1/execution-1/r0/reference/v5-032.command.json
 create mode 100644 research/p9-six-route/ash-inheritance-20260909/planner-v1/float-fastpath-v1/execution-1/r0/reference/v5-032.config.json
 create mode 100644 research/p9-six-route/ash-inheritance-20260909/planner-v1/float-fastpath-v1/execution-1/r0/reference/v5-032.cpu.txt
 create mode 100644 research/p9-six-route/ash-inheritance-20260909/planner-v1/float-fastpath-v1/execution-1/r0/reference/v5-032.outcomes.jsonl.xz
 create mode 100644 research/p9-six-route/ash-inheritance-20260909/planner-v1/float-fastpath-v1/execution-1/r0/reference/v5-032.stderr
 create mode 100644 research/p9-six-route/ash-inheritance-20260909/planner-v1/float-fastpath-v1/execution-1/r0/reference/v5-032.stdout
 create mode 100644 research/p9-six-route/ash-inheritance-20260909/planner-v1/float-fastpath-v1/execution-1/r0/reference/v5-032.traces.jsonl.xz
 create mode 100644 research/p9-six-route/ash-inheritance-20260909/planner-v1/float-fastpath-v1/execution-1/r0/refined/v5-032.RECEIPT.json
 create mode 100644 research/p9-six-route/ash-inheritance-20260909/planner-v1/float-fastpath-v1/execution-1/r0/refined/v5-032.command.json
 create mode 100644 research/p9-six-route/ash-inheritance-20260909/planner-v1/float-fastpath-v1/execution-1/r0/refined/v5-032.config.json
 create mode 100644 research/p9-six-route/ash-inheritance-20260909/planner-v1/float-fastpath-v1/execution-1/r0/refined/v5-032.cpu.txt
 create mode 100644 research/p9-six-route/ash-inheritance-20260909/planner-v1/float-fastpath-v1/execution-1/r0/refined/v5-032.outcomes.jsonl.xz
 create mode 100644 research/p9-six-route/ash-inheritance-20260909/planner-v1/float-fastpath-v1/execution-1/r0/refined/v5-032.stderr
 create mode 100644 research/p9-six-route/ash-inheritance-20260909/planner-v1/float-fastpath-v1/execution-1/r0/refined/v5-032.stdout
 create mode 100644 research/p9-six-route/ash-inheritance-20260909/planner-v1/float-fastpath-v1/execution-1/r0/refined/v5-032.traces.jsonl.xz
[detached HEAD e9a5562] research(p9): retain assigned float benchmark repetition 0 v5-064
 16 files changed, 148 insertions(+)
 create mode 100644 research/p9-six-route/ash-inheritance-20260909/planner-v1/float-fastpath-v1/execution-1/r0/reference/v5-064.RECEIPT.json
 create mode 100644 research/p9-six-route/ash-inheritance-20260909/planner-v1/float-fastpath-v1/execution-1/r0/reference/v5-064.command.json
 create mode 100644 research/p9-six-route/ash-inheritance-20260909/planner-v1/float-fastpath-v1/execution-1/r0/reference/v5-064.config.json
 create mode 100644 research/p9-six-route/ash-inheritance-20260909/planner-v1/float-fastpath-v1/execution-1/r0/reference/v5-064.cpu.txt
 create mode 100644 research/p9-six-route/ash-inheritance-20260909/planner-v1/float-fastpath-v1/execution-1/r0/reference/v5-064.outcomes.jsonl.xz
 create mode 100644 research/p9-six-route/ash-inheritance-20260909/planner-v1/float-fastpath-v1/execution-1/r0/reference/v5-064.stderr
 create mode 100644 research/p9-six-route/ash-inheritance-20260909/planner-v1/float-fastpath-v1/execution-1/r0/reference/v5-064.stdout
 create mode 100644 research/p9-six-route/ash-inheritance-20260909/planner-v1/float-fastpath-v1/execution-1/r0/reference/v5-064.traces.jsonl.xz
 create mode 100644 research/p9-six-route/ash-inheritance-20260909/planner-v1/float-fastpath-v1/execution-1/r0/refined/v5-064.RECEIPT.json
 create mode 100644 research/p9-six-route/ash-inheritance-20260909/planner-v1/float-fastpath-v1/execution-1/r0/refined/v5-064.command.json
 create mode 100644 research/p9-six-route/ash-inheritance-20260909/planner-v1/float-fastpath-v1/execution-1/r0/refined/v5-064.config.json
 create mode 100644 research/p9-six-route/ash-inheritance-20260909/planner-v1/float-fastpath-v1/execution-1/r0/refined/v5-064.cpu.txt
 create mode 100644 research/p9-six-route/ash-inheritance-20260909/planner-v1/float-fastpath-v1/execution-1/r0/refined/v5-064.outcomes.jsonl.xz
 create mode 100644 research/p9-six-route/ash-inheritance-20260909/planner-v1/float-fastpath-v1/execution-1/r0/refined/v5-064.stderr
 create mode 100644 research/p9-six-route/ash-inheritance-20260909/planner-v1/float-fastpath-v1/execution-1/r0/refined/v5-064.stdout
 create mode 100644 research/p9-six-route/ash-inheritance-20260909/planner-v1/float-fastpath-v1/execution-1/r0/refined/v5-064.traces.jsonl.xz
[detached HEAD c1245c8] research(p9): retain assigned float benchmark repetition 0 v5-096
 16 files changed, 148 insertions(+)
 create mode 100644 research/p9-six-route/ash-inheritance-20260909/planner-v1/float-fastpath-v1/execution-1/r0/reference/v5-096.RECEIPT.json
 create mode 100644 research/p9-six-route/ash-inheritance-20260909/planner-v1/float-fastpath-v1/execution-1/r0/reference/v5-096.command.json
 create mode 100644 research/p9-six-route/ash-inheritance-20260909/planner-v1/float-fastpath-v1/execution-1/r0/reference/v5-096.config.json
 create mode 100644 research/p9-six-route/ash-inheritance-20260909/planner-v1/float-fastpath-v1/execution-1/r0/reference/v5-096.cpu.txt
 create mode 100644 research/p9-six-route/ash-inheritance-20260909/planner-v1/float-fastpath-v1/execution-1/r0/reference/v5-096.outcomes.jsonl.xz
 create mode 100644 research/p9-six-route/ash-inheritance-20260909/planner-v1/float-fastpath-v1/execution-1/r0/reference/v5-096.stderr
 create mode 100644 research/p9-six-route/ash-inheritance-20260909/planner-v1/float-fastpath-v1/execution-1/r0/reference/v5-096.stdout
 create mode 100644 research/p9-six-route/ash-inheritance-20260909/planner-v1/float-fastpath-v1/execution-1/r0/reference/v5-096.traces.jsonl.xz
 create mode 100644 research/p9-six-route/ash-inheritance-20260909/planner-v1/float-fastpath-v1/execution-1/r0/refined/v5-096.RECEIPT.json
 create mode 100644 research/p9-six-route/ash-inheritance-20260909/planner-v1/float-fastpath-v1/execution-1/r0/refined/v5-096.command.json
 create mode 100644 research/p9-six-route/ash-inheritance-20260909/planner-v1/float-fastpath-v1/execution-1/r0/refined/v5-096.config.json
 create mode 100644 research/p9-six-route/ash-inheritance-20260909/planner-v1/float-fastpath-v1/execution-1/r0/refined/v5-096.cpu.txt
 create mode 100644 research/p9-six-route/ash-inheritance-20260909/planner-v1/float-fastpath-v1/execution-1/r0/refined/v5-096.outcomes.jsonl.xz
 create mode 100644 research/p9-six-route/ash-inheritance-20260909/planner-v1/float-fastpath-v1/execution-1/r0/refined/v5-096.stderr
 create mode 100644 research/p9-six-route/ash-inheritance-20260909/planner-v1/float-fastpath-v1/execution-1/r0/refined/v5-096.stdout
 create mode 100644 research/p9-six-route/ash-inheritance-20260909/planner-v1/float-fastpath-v1/execution-1/r0/refined/v5-096.traces.jsonl.xz
[detached HEAD 28528be] research(p9): retain assigned float benchmark repetition 1 v5-000
 16 files changed, 148 insertions(+)
 create mode 100644 research/p9-six-route/ash-inheritance-20260909/planner-v1/float-fastpath-v1/execution-1/r1/reference/v5-000.RECEIPT.json
 create mode 100644 research/p9-six-route/ash-inheritance-20260909/planner-v1/float-fastpath-v1/execution-1/r1/reference/v5-000.command.json
 create mode 100644 research/p9-six-route/ash-inheritance-20260909/planner-v1/float-fastpath-v1/execution-1/r1/reference/v5-000.config.json
 create mode 100644 research/p9-six-route/ash-inheritance-20260909/planner-v1/float-fastpath-v1/execution-1/r1/reference/v5-000.cpu.txt
 create mode 100644 research/p9-six-route/ash-inheritance-20260909/planner-v1/float-fastpath-v1/execution-1/r1/reference/v5-000.outcomes.jsonl.xz
 create mode 100644 research/p9-six-route/ash-inheritance-20260909/planner-v1/float-fastpath-v1/execution-1/r1/reference/v5-000.stderr
 create mode 100644 research/p9-six-route/ash-inheritance-20260909/planner-v1/float-fastpath-v1/execution-1/r1/reference/v5-000.stdout
 create mode 100644 research/p9-six-route/ash-inheritance-20260909/planner-v1/float-fastpath-v1/execution-1/r1/reference/v5-000.traces.jsonl.xz
 create mode 100644 research/p9-six-route/ash-inheritance-20260909/planner-v1/float-fastpath-v1/execution-1/r1/refined/v5-000.RECEIPT.json
 create mode 100644 research/p9-six-route/ash-inheritance-20260909/planner-v1/float-fastpath-v1/execution-1/r1/refined/v5-000.command.json
 create mode 100644 research/p9-six-route/ash-inheritance-20260909/planner-v1/float-fastpath-v1/execution-1/r1/refined/v5-000.config.json
 create mode 100644 research/p9-six-route/ash-inheritance-20260909/planner-v1/float-fastpath-v1/execution-1/r1/refined/v5-000.cpu.txt
 create mode 100644 research/p9-six-route/ash-inheritance-20260909/planner-v1/float-fastpath-v1/execution-1/r1/refined/v5-000.outcomes.jsonl.xz
 create mode 100644 research/p9-six-route/ash-inheritance-20260909/planner-v1/float-fastpath-v1/execution-1/r1/refined/v5-000.stderr
 create mode 100644 research/p9-six-route/ash-inheritance-20260909/planner-v1/float-fastpath-v1/execution-1/r1/refined/v5-000.stdout
 create mode 100644 research/p9-six-route/ash-inheritance-20260909/planner-v1/float-fastpath-v1/execution-1/r1/refined/v5-000.traces.jsonl.xz
[detached HEAD 1ef6908] research(p9): retain assigned float benchmark repetition 1 v5-032
 16 files changed, 148 insertions(+)
 create mode 100644 research/p9-six-route/ash-inheritance-20260909/planner-v1/float-fastpath-v1/execution-1/r1/reference/v5-032.RECEIPT.json
 create mode 100644 research/p9-six-route/ash-inheritance-20260909/planner-v1/float-fastpath-v1/execution-1/r1/reference/v5-032.command.json
 create mode 100644 research/p9-six-route/ash-inheritance-20260909/planner-v1/float-fastpath-v1/execution-1/r1/reference/v5-032.config.json
 create mode 100644 research/p9-six-route/ash-inheritance-20260909/planner-v1/float-fastpath-v1/execution-1/r1/reference/v5-032.cpu.txt
 create mode 100644 research/p9-six-route/ash-inheritance-20260909/planner-v1/float-fastpath-v1/execution-1/r1/reference/v5-032.outcomes.jsonl.xz
 create mode 100644 research/p9-six-route/ash-inheritance-20260909/planner-v1/float-fastpath-v1/execution-1/r1/reference/v5-032.stderr
 create mode 100644 research/p9-six-route/ash-inheritance-20260909/planner-v1/float-fastpath-v1/execution-1/r1/reference/v5-032.stdout
 create mode 100644 research/p9-six-route/ash-inheritance-20260909/planner-v1/float-fastpath-v1/execution-1/r1/reference/v5-032.traces.jsonl.xz
 create mode 100644 research/p9-six-route/ash-inheritance-20260909/planner-v1/float-fastpath-v1/execution-1/r1/refined/v5-032.RECEIPT.json
 create mode 100644 research/p9-six-route/ash-inheritance-20260909/planner-v1/float-fastpath-v1/execution-1/r1/refined/v5-032.command.json
 create mode 100644 research/p9-six-route/ash-inheritance-20260909/planner-v1/float-fastpath-v1/execution-1/r1/refined/v5-032.config.json
 create mode 100644 research/p9-six-route/ash-inheritance-20260909/planner-v1/float-fastpath-v1/execution-1/r1/refined/v5-032.cpu.txt
 create mode 100644 research/p9-six-route/ash-inheritance-20260909/planner-v1/float-fastpath-v1/execution-1/r1/refined/v5-032.outcomes.jsonl.xz
 create mode 100644 research/p9-six-route/ash-inheritance-20260909/planner-v1/float-fastpath-v1/execution-1/r1/refined/v5-032.stderr
 create mode 100644 research/p9-six-route/ash-inheritance-20260909/planner-v1/float-fastpath-v1/execution-1/r1/refined/v5-032.stdout
 create mode 100644 research/p9-six-route/ash-inheritance-20260909/planner-v1/float-fastpath-v1/execution-1/r1/refined/v5-032.traces.jsonl.xz
[detached HEAD d88fd80] research(p9): retain assigned float benchmark repetition 1 v5-064
 16 files changed, 148 insertions(+)
 create mode 100644 research/p9-six-route/ash-inheritance-20260909/planner-v1/float-fastpath-v1/execution-1/r1/reference/v5-064.RECEIPT.json
 create mode 100644 research/p9-six-route/ash-inheritance-20260909/planner-v1/float-fastpath-v1/execution-1/r1/reference/v5-064.command.json
 create mode 100644 research/p9-six-route/ash-inheritance-20260909/planner-v1/float-fastpath-v1/execution-1/r1/reference/v5-064.config.json
 create mode 100644 research/p9-six-route/ash-inheritance-20260909/planner-v1/float-fastpath-v1/execution-1/r1/reference/v5-064.cpu.txt
 create mode 100644 research/p9-six-route/ash-inheritance-20260909/planner-v1/float-fastpath-v1/execution-1/r1/reference/v5-064.outcomes.jsonl.xz
 create mode 100644 research/p9-six-route/ash-inheritance-20260909/planner-v1/float-fastpath-v1/execution-1/r1/reference/v5-064.stderr
 create mode 100644 research/p9-six-route/ash-inheritance-20260909/planner-v1/float-fastpath-v1/execution-1/r1/reference/v5-064.stdout
 create mode 100644 research/p9-six-route/ash-inheritance-20260909/planner-v1/float-fastpath-v1/execution-1/r1/reference/v5-064.traces.jsonl.xz
 create mode 100644 research/p9-six-route/ash-inheritance-20260909/planner-v1/float-fastpath-v1/execution-1/r1/refined/v5-064.RECEIPT.json
 create mode 100644 research/p9-six-route/ash-inheritance-20260909/planner-v1/float-fastpath-v1/execution-1/r1/refined/v5-064.command.json
 create mode 100644 research/p9-six-route/ash-inheritance-20260909/planner-v1/float-fastpath-v1/execution-1/r1/refined/v5-064.config.json
 create mode 100644 research/p9-six-route/ash-inheritance-20260909/planner-v1/float-fastpath-v1/execution-1/r1/refined/v5-064.cpu.txt
 create mode 100644 research/p9-six-route/ash-inheritance-20260909/planner-v1/float-fastpath-v1/execution-1/r1/refined/v5-064.outcomes.jsonl.xz
 create mode 100644 research/p9-six-route/ash-inheritance-20260909/planner-v1/float-fastpath-v1/execution-1/r1/refined/v5-064.stderr
 create mode 100644 research/p9-six-route/ash-inheritance-20260909/planner-v1/float-fastpath-v1/execution-1/r1/refined/v5-064.stdout
 create mode 100644 research/p9-six-route/ash-inheritance-20260909/planner-v1/float-fastpath-v1/execution-1/r1/refined/v5-064.traces.jsonl.xz
[detached HEAD 6c618b5] research(p9): retain assigned float benchmark repetition 1 v5-096
 16 files changed, 148 insertions(+)
 create mode 100644 research/p9-six-route/ash-inheritance-20260909/planner-v1/float-fastpath-v1/execution-1/r1/reference/v5-096.RECEIPT.json
 create mode 100644 research/p9-six-route/ash-inheritance-20260909/planner-v1/float-fastpath-v1/execution-1/r1/reference/v5-096.command.json
 create mode 100644 research/p9-six-route/ash-inheritance-20260909/planner-v1/float-fastpath-v1/execution-1/r1/reference/v5-096.config.json
 create mode 100644 research/p9-six-route/ash-inheritance-20260909/planner-v1/float-fastpath-v1/execution-1/r1/reference/v5-096.cpu.txt
 create mode 100644 research/p9-six-route/ash-inheritance-20260909/planner-v1/float-fastpath-v1/execution-1/r1/reference/v5-096.outcomes.jsonl.xz
 create mode 100644 research/p9-six-route/ash-inheritance-20260909/planner-v1/float-fastpath-v1/execution-1/r1/reference/v5-096.stderr
 create mode 100644 research/p9-six-route/ash-inheritance-20260909/planner-v1/float-fastpath-v1/execution-1/r1/reference/v5-096.stdout
 create mode 100644 research/p9-six-route/ash-inheritance-20260909/planner-v1/float-fastpath-v1/execution-1/r1/reference/v5-096.traces.jsonl.xz
 create mode 100644 research/p9-six-route/ash-inheritance-20260909/planner-v1/float-fastpath-v1/execution-1/r1/refined/v5-096.RECEIPT.json
 create mode 100644 research/p9-six-route/ash-inheritance-20260909/planner-v1/float-fastpath-v1/execution-1/r1/refined/v5-096.command.json
 create mode 100644 research/p9-six-route/ash-inheritance-20260909/planner-v1/float-fastpath-v1/execution-1/r1/refined/v5-096.config.json
 create mode 100644 research/p9-six-route/ash-inheritance-20260909/planner-v1/float-fastpath-v1/execution-1/r1/refined/v5-096.cpu.txt
 create mode 100644 research/p9-six-route/ash-inheritance-20260909/planner-v1/float-fastpath-v1/execution-1/r1/refined/v5-096.outcomes.jsonl.xz
 create mode 100644 research/p9-six-route/ash-inheritance-20260909/planner-v1/float-fastpath-v1/execution-1/r1/refined/v5-096.stderr
 create mode 100644 research/p9-six-route/ash-inheritance-20260909/planner-v1/float-fastpath-v1/execution-1/r1/refined/v5-096.stdout
 create mode 100644 research/p9-six-route/ash-inheritance-20260909/planner-v1/float-fastpath-v1/execution-1/r1/refined/v5-096.traces.jsonl.xz
[detached HEAD 320b007] research(p9): preserve complete float refinement terminal without promoting P9
 3 files changed, 2241 insertions(+)
 create mode 100644 research/p9-six-route/ash-inheritance-20260909/planner-v1/float-fastpath-v1/execution-1/FILES.json
 create mode 100644 research/p9-six-route/ash-inheritance-20260909/planner-v1/float-fastpath-v1/execution-1/RESULTS.json
 create mode 100644 research/p9-six-route/ash-inheritance-20260909/planner-v1/float-fastpath-v1/execution-1/TERMINAL.json
{
  "status": "FLOAT_FASTPATH_SPEED_NOT_ESTABLISHED",
  "source_head": "567ee8300c38dc6719f8ea51685482ae3a869b43",
  "packages_admitted": 0,
  "p9_certified": false
}
