Godot Engine v4.7.2.stable.official.ed1daf0bf - https://godotengine.org
Metal 4.0 - Forward Mobile - Using Device #0: Apple - Apple M1 Max (Apple7)

Sentry: DEBUG: starting Sentry SDK version 2.1.1+d288ad9
Sentry: DEBUG: Automatic initialization is disabled in the project settings.
Sentry: INFO: Automatic initialization is disabled! Operations with Sentry SDK will result in no-ops.
Movie Maker mode enabled, recording movie in 1180×820 @ 30 FPS...
WALKING_UNION removed_m2=179.340036571026 build_ms=171.203
LANDSCAPE_OPENINGS count=0
COURT_SURFACE triangles=4638
ARCHITECTURE_OCCUPANCY conflicts=0
PRECINCT_BUILD_MS 1844.831
PRECINCT_VIEW {"draw_calls":145.0,"primitives":428146.0,"renderer_mib":114.671875,"scope":"native capture counters; not frame-time qualification","view":"whole"}
PRECINCT_VIEW {"draw_calls":35.0,"primitives":128066.0,"renderer_mib":114.671875,"scope":"native capture counters; not frame-time qualification","view":"journey"}
PRECINCT_VIEW {"draw_calls":34.0,"primitives":209051.0,"renderer_mib":114.671875,"scope":"native capture counters; not frame-time qualification","view":"court"}
PRECINCT_VIEW {"draw_calls":61.0,"primitives":269795.0,"renderer_mib":114.671875,"scope":"native capture counters; not frame-time qualification","view":"threshold"}
PRECINCT_VIEW {"draw_calls":12.0,"primitives":145253.0,"renderer_mib":118.5,"scope":"native capture counters; not frame-time qualification","view":"passage"}
PRECINCT_COMPOSITION captured whole/journey/court; uncertified placement study
GUIDANCE_FILM both_actual_choices=true complete_travel=true source_unchanged=true
--------------------------------------------------------------------------------
Done recording movie at path: /tmp/act3-guidance-final.avi
638 frames at 30 FPS (movie length: 00:00:21:08), recorded in 00:00:12 (175% of real-time speed).
CPU render time: 0.17 seconds (average: 0.27 ms/frame)
GPU render time: 0.00 seconds (average: 0.00 ms/frame)
Encoding time: 3.98 seconds (average: 6.24 ms/frame)
--------------------------------------------------------------------------------
