{
  "html_and_resources": 21,
  "failures": 0,
  "results": [
    {
      "resource": "../native-workshop/review10-bridge.png",
      "status": 200,
      "bytes": 820584
    },
    {
      "resource": "../native-workshop/review10-desktop.png",
      "status": 200,
      "bytes": 513859
    },
    {
      "resource": "../native-workshop/review10-final.png",
      "status": 200,
      "bytes": 871179
    },
    {
      "resource": "../native-workshop/review10-landing.png",
      "status": 200,
      "bytes": 642948
    },
    {
      "resource": "../native-workshop/review10-overpass.png",
      "status": 200,
      "bytes": 690743
    },
    {
      "resource": "../native-workshop/review10-pad.png",
      "status": 200,
      "bytes": 398358
    },
    {
      "resource": "../native-workshop/review10-phone.png",
      "status": 200,
      "bytes": 206912
    },
    {
      "resource": "../native-workshop/review10-river-motion.mp4",
      "status": 200,
      "bytes": 325355
    },
    {
      "resource": "../native-workshop/review10-river-section.png",
      "status": 200,
      "bytes": 633388
    },
    {
      "resource": "../native-workshop/review10-survey.png",
      "status": 200,
      "bytes": 1069461
    },
    {
      "resource": "../native-workshop/review10-water-close-motion.mp4",
      "status": 200,
      "bytes": 395436
    },
    {
      "resource": "../native-workshop/review10-water-close.png",
      "status": 200,
      "bytes": 649788
    },
    {
      "resource": "../native-workshop/review9-bridge.png",
      "status": 200,
      "bytes": 770999
    },
    {
      "resource": "../native-workshop/review9-final.png",
      "status": 200,
      "bytes": 832511
    },
    {
      "resource": "../native-workshop/review9-landing.png",
      "status": 200,
      "bytes": 581417
    },
    {
      "resource": "../native-workshop/review9-overpass.png",
      "status": 200,
      "bytes": 650289
    },
    {
      "resource": "../native-workshop/review9-river-section.png",
      "status": 200,
      "bytes": 581445
    },
    {
      "resource": "../native-workshop/review9-survey.png",
      "status": 200,
      "bytes": 1035189
    },
    {
      "resource": "?v=10",
      "status": 200,
      "bytes": 11331
    },
    {
      "resource": "review6.html#new-assets",
      "status": 200,
      "bytes": 13752
    },
    {
      "resource": "review9.html",
      "status": 200,
      "bytes": 11696
    }
  ]
}
