{
  "html_and_resources": 21,
  "failures": 0,
  "results": [
    {
      "resource": "../native-workshop/review8-bridge.png",
      "status": 200,
      "bytes": 756754
    },
    {
      "resource": "../native-workshop/review8-final.png",
      "status": 200,
      "bytes": 821543
    },
    {
      "resource": "../native-workshop/review8-junction.png",
      "status": 200,
      "bytes": 444558
    },
    {
      "resource": "../native-workshop/review8-landing.png",
      "status": 200,
      "bytes": 565546
    },
    {
      "resource": "../native-workshop/review8-overpass.png",
      "status": 200,
      "bytes": 635732
    },
    {
      "resource": "../native-workshop/review8-switchback.png",
      "status": 200,
      "bytes": 988437
    },
    {
      "resource": "../native-workshop/review9-bridge.png",
      "status": 200,
      "bytes": 770999
    },
    {
      "resource": "../native-workshop/review9-clearance.png",
      "status": 200,
      "bytes": 654154
    },
    {
      "resource": "../native-workshop/review9-desktop.png",
      "status": 200,
      "bytes": 479089
    },
    {
      "resource": "../native-workshop/review9-final.png",
      "status": 200,
      "bytes": 832511
    },
    {
      "resource": "../native-workshop/review9-junction.png",
      "status": 200,
      "bytes": 451125
    },
    {
      "resource": "../native-workshop/review9-landing.png",
      "status": 200,
      "bytes": 581417
    },
    {
      "resource": "../native-workshop/review9-overpass.png",
      "status": 200,
      "bytes": 650289
    },
    {
      "resource": "../native-workshop/review9-pad.png",
      "status": 200,
      "bytes": 379129
    },
    {
      "resource": "../native-workshop/review9-phone.png",
      "status": 200,
      "bytes": 191978
    },
    {
      "resource": "../native-workshop/review9-river-section.png",
      "status": 200,
      "bytes": 581445
    },
    {
      "resource": "../native-workshop/review9-survey.png",
      "status": 200,
      "bytes": 1035189
    },
    {
      "resource": "../native-workshop/review9-switchback.png",
      "status": 200,
      "bytes": 1002909
    },
    {
      "resource": "?v=9",
      "status": 200,
      "bytes": 11696
    },
    {
      "resource": "review6.html#new-assets",
      "status": 200,
      "bytes": 13752
    },
    {
      "resource": "review8.html",
      "status": 200,
      "bytes": 12915
    }
  ]
}
