{
  "html_and_resources": 22,
  "failures": 0,
  "results": [
    {
      "resource": "../native-workshop/review7-bend.png",
      "status": 200,
      "bytes": 771737
    },
    {
      "resource": "../native-workshop/review7-bridge.png",
      "status": 200,
      "bytes": 705777
    },
    {
      "resource": "../native-workshop/review7-final.png",
      "status": 200,
      "bytes": 789472
    },
    {
      "resource": "../native-workshop/review7-junction.png",
      "status": 200,
      "bytes": 524587
    },
    {
      "resource": "../native-workshop/review7-overpass.png",
      "status": 200,
      "bytes": 580310
    },
    {
      "resource": "../native-workshop/review7-switchback.png",
      "status": 200,
      "bytes": 1018026
    },
    {
      "resource": "../native-workshop/review8-bend.png",
      "status": 200,
      "bytes": 722719
    },
    {
      "resource": "../native-workshop/review8-bridge.png",
      "status": 200,
      "bytes": 756754
    },
    {
      "resource": "../native-workshop/review8-clearance.png",
      "status": 200,
      "bytes": 636491
    },
    {
      "resource": "../native-workshop/review8-desktop.png",
      "status": 200,
      "bytes": 459991
    },
    {
      "resource": "../native-workshop/review8-final.png",
      "status": 200,
      "bytes": 821543
    },
    {
      "resource": "../native-workshop/review8-junction.png",
      "status": 200,
      "bytes": 444558
    },
    {
      "resource": "../native-workshop/review8-landing.png",
      "status": 200,
      "bytes": 565546
    },
    {
      "resource": "../native-workshop/review8-overpass.png",
      "status": 200,
      "bytes": 635732
    },
    {
      "resource": "../native-workshop/review8-pad.png",
      "status": 200,
      "bytes": 365513
    },
    {
      "resource": "../native-workshop/review8-phone.png",
      "status": 200,
      "bytes": 186907
    },
    {
      "resource": "../native-workshop/review8-river-section.png",
      "status": 200,
      "bytes": 583039
    },
    {
      "resource": "../native-workshop/review8-survey.png",
      "status": 200,
      "bytes": 1027774
    },
    {
      "resource": "../native-workshop/review8-switchback.png",
      "status": 200,
      "bytes": 988437
    },
    {
      "resource": "?v=8",
      "status": 200,
      "bytes": 12915
    },
    {
      "resource": "review6.html#new-assets",
      "status": 200,
      "bytes": 13752
    },
    {
      "resource": "review7.html",
      "status": 200,
      "bytes": 12269
    }
  ]
}
