ffmpeg version 9.0.1 Copyright (c) 2000-2026 the FFmpeg developers
  built with Apple clang version 21.0.0 (clang-2100.1.1.101)
  configuration: --prefix=/opt/homebrew/Cellar/ffmpeg/9.0.1_1 --enable-shared --enable-pthreads --enable-version3 --cc=clang --host-cflags= --host-ldflags= --enable-ffplay --enable-gpl --enable-libsvtav1 --enable-libopus --enable-libx264 --enable-libmp3lame --enable-libdav1d --enable-libvmaf --enable-libvpx --enable-libx265 --enable-openssl --enable-videotoolbox --enable-audiotoolbox --enable-neon
  libavutil      61.  1.101 / 61.  1.101
  libavcodec     63.  1.101 / 63.  1.101
  libavformat    63.  1.101 / 63.  1.101
  libavdevice    63.  1.101 / 63.  1.101
  libavfilter    12.  1.101 / 12.  1.101
  libswscale     10.  1.101 / 10.  1.101
  libswresample   7.  1.101 /  7.  1.101
Input #0, image2, from '/tmp/glassvow-step3-native-frames/%04d.png':
  Duration: 00:00:08.00, start: 0.000000, bitrate: N/A
  Stream #0:0: Video: png, rgb24(pc, gbr/bt709/iec61966-2-1), 1458x820, 30 fps, 30 tbr, 30 tbn
Stream mapping:
  Stream #0:0 -> #0:0 (png (native) -> h264 (libx264))
Press [q] to stop, [?] for help
[libx264 @ 0x7a86c1ca80] using cpu capabilities: ARMv8 NEON DotProd
[libx264 @ 0x7a86c1ca80] profile High, level 3.2, 4:2:0, 8-bit
[libx264 @ 0x7a86c1ca80] 264 - core 165 r3222 b35605a - H.264/MPEG-4 AVC codec - Copyleft 2003-2025 - http://www.videolan.org/x264.html - options: cabac=1 ref=3 deblock=1:0:0 analyse=0x3:0x113 me=hex subme=7 psy=1 psy_rd=1.00:0.00 mixed_ref=1 me_range=16 chroma_me=1 trellis=1 8x8dct=1 cqm=0 deadzone=21,11 fast_pskip=1 chroma_qp_offset=-2 threads=15 lookahead_threads=2 sliced_threads=0 nr=0 decimate=1 interlaced=0 bluray_compat=0 constrained_intra=0 bframes=3 b_pyramid=2 b_adapt=1 b_bias=0 direct=1 weightb=1 open_gop=0 weightp=2 keyint=250 keyint_min=25 scenecut=40 intra_refresh=0 rc_lookahead=40 rc=crf mbtree=1 crf=18.0 qcomp=0.60 qpmin=0 qpmax=69 qpstep=4 ip_ratio=1.40 aq=1:1.00
Output #0, mp4, to 'docs/map/studies/native-workshop/step3-turntable.mp4':
  Metadata:
    encoder         : Lavf63.1.101
  Stream #0:0: Video: h264 (avc1 / 0x31637661), yuv420p(tv, unknown/bt709/iec61966-2-1, progressive), 1458x820, q=2-31, 30 fps, 15360 tbn
    Metadata:
      encoder         : Lavc63.1.101 libx264
    Side data:
      CPB properties: bitrate max/min/avg: 0/0/0 buffer size: 0 vbv_delay: N/A
frame=   63 fps=0.0 q=24.0 size=     256KiB time=00:00:02.03 bitrate=1031.6kbits/s speed=4.05x elapsed=0:00:00.50
frame=  189 fps=188 q=24.0 size=    1024KiB time=00:00:06.23 bitrate=1345.8kbits/s speed= 6.2x elapsed=0:00:01.00
[mp4 @ 0x7a8701c280] Starting second pass: moving the moov atom to the beginning of the file
[out#0/mp4 @ 0x7a86c20240] video:1492KiB audio:0KiB subtitle:0KiB other streams:0KiB global headers:0KiB muxing overhead: 0.245633%
frame=  240 fps=211 q=-1.0 Lsize=    1495KiB time=00:00:07.93 bitrate=1544.1kbits/s speed=6.99x elapsed=0:00:01.13
[libx264 @ 0x7a86c1ca80] frame I:1     Avg QP:10.46  size: 48803
[libx264 @ 0x7a86c1ca80] frame P:60    Avg QP:13.18  size: 15035
[libx264 @ 0x7a86c1ca80] frame B:179   Avg QP:19.25  size:  3217
[libx264 @ 0x7a86c1ca80] consecutive B-frames:  0.4%  0.0%  1.2% 98.3%
[libx264 @ 0x7a86c1ca80] mb I  I16..4: 36.3% 49.7% 14.1%
[libx264 @ 0x7a86c1ca80] mb P  I16..4:  0.4%  1.2%  0.4%  P16..4:  6.5%  5.5%  4.8%  0.0%  0.0%    skip:81.3%
[libx264 @ 0x7a86c1ca80] mb B  I16..4:  0.0%  0.1%  0.0%  B16..8:  9.7%  2.7%  0.9%  direct: 0.7%  skip:85.9%  L0:35.0% L1:46.6% BI:18.4%
[libx264 @ 0x7a86c1ca80] 8x8 transform intra:57.8% inter:48.0%
[libx264 @ 0x7a86c1ca80] coded y,uvDC,uvAC intra: 28.7% 25.5% 14.9% inter: 4.1% 1.9% 0.6%
[libx264 @ 0x7a86c1ca80] i16 v,h,dc,p: 77% 12%  7%  4%
[libx264 @ 0x7a86c1ca80] i8 v,h,dc,ddl,ddr,vr,hd,vl,hu: 22%  5% 61%  3%  2%  2%  2%  3%  2%
[libx264 @ 0x7a86c1ca80] i4 v,h,dc,ddl,ddr,vr,hd,vl,hu: 23% 14% 32%  5%  6%  7%  4%  5%  5%
[libx264 @ 0x7a86c1ca80] i8c dc,h,v,p: 77% 11% 10%  2%
[libx264 @ 0x7a86c1ca80] Weighted P-Frames: Y:0.0% UV:0.0%
[libx264 @ 0x7a86c1ca80] ref P L0: 62.1% 22.8% 10.3%  4.7%
[libx264 @ 0x7a86c1ca80] ref B L0: 91.1%  7.4%  1.4%
[libx264 @ 0x7a86c1ca80] ref B L1: 97.4%  2.6%
[libx264 @ 0x7a86c1ca80] kb/s:1526.79
