Godot Engine v4.7.2.stable.official.ed1daf0bf - https://godotengine.org
Metal 4.0 - Forward Mobile - Using Device #0: Apple - Apple M1 Max (Apple7)

Sentry: DEBUG: starting Sentry SDK version 2.1.1+d288ad9
Sentry: DEBUG: Automatic initialization is disabled in the project settings.
Sentry: INFO: Automatic initialization is disabled! Operations with Sentry SDK will result in no-ops.
WALKING_UNION removed_m2=151.943682670593 build_ms=129.471
LANDSCAPE_OPENINGS count=0
COURT_SURFACE triangles=5248
ARCHITECTURE_OCCUPANCY conflicts=0
THRESHOLD_MESH_AUDIT ok=true probes=30828 minimum=-1.0
FOUNDATION_AUDIT {"building_bounds_overlaps":[],"ok":true,"overhead_hits":0,"road_count":74,"road_failures":[],"scope":"sampled foundation obstruction over all route widths; conservative solid-piece/model bounds","solid_pieces":8}
CENTRAL_PASSAGE_AUDIT ok=true probes=67 minimum=2.45000004768372
CENTRAL_PASSAGE_AUDIT ok=true probes=63 minimum=2.44999998807907
PRECINCT_BUILD_MS 3084.815
PRECINCT_VIEW {"draw_calls":385.0,"primitives":456734.0,"renderer_mib":85.265625,"scope":"native capture counters; not frame-time qualification","view":"whole"}
PRECINCT_VIEW {"draw_calls":104.0,"primitives":196000.0,"renderer_mib":85.265625,"scope":"native capture counters; not frame-time qualification","view":"journey"}
PRECINCT_VIEW {"draw_calls":75.0,"primitives":225371.0,"renderer_mib":85.265625,"scope":"native capture counters; not frame-time qualification","view":"court"}
PRECINCT_VIEW {"draw_calls":167.0,"primitives":322073.0,"renderer_mib":85.265625,"scope":"native capture counters; not frame-time qualification","view":"threshold"}
PRECINCT_VIEW {"draw_calls":26.0,"primitives":147946.0,"renderer_mib":85.265625,"scope":"native capture counters; not frame-time qualification","view":"passage"}
PRECINCT_COMPOSITION captured whole/journey/court; uncertified placement study
PRECINCT_INPUT {"all_nodes":{"failures":[],"ok":true,"scope":"each node focused and clicked; desktop pointer, not physical touch","tested_nodes":66},"current_visible":true,"dimensions":[844.0,390.0],"drag_pan":true,"drag_preserves_selection":true,"drag_probe":{"camera_delta":2.65753579139709,"hovered":"none","motion_events":1,"origin":"(12.0, 195.0)","received_down":true,"target":"(42.0, 205.0)","target_markers":["1,3"]},"journey_button":true,"marker_target":[44.0,44.0],"overview":{"cluster_open":true,"cluster_transition":{"after":46.1531562805176,"before":155.582473754883,"whole":false},"nodes":66,"overlaps":[],"represented":66,"single_select":true,"target_sizes_pass":true,"targets":16},"required_target":44.0,"route_camera":{"edge_filter":"","heading_changes":0,"maximum_turn_degrees":0.0,"occlusions":[],"ok":true,"probes":3292,"scope":"rendered centre-line focus samples at <=0.5 m; no interpolation or full-width guarantee"},"select_current":true,"sightlines":{"blocked_node_centres":0,"heading_degrees":-25.0,"scope":"current and reachable centres at focus; not entire routes","tested_node_centres":2},"source_current_unchanged":true,"target_sizes_pass":true,"viewport_matches_pixels":true,"wheel_zoom":true,"whole_button":true}
