Godot Engine v4.7.2.stable.official.ed1daf0bf - https://godotengine.org
Metal 4.0 - Forward Mobile - Using Device #0: Apple - Apple M1 Max (Apple7)

Sentry: DEBUG: starting Sentry SDK version 2.1.1+d288ad9
Sentry: DEBUG: Automatic initialization is disabled in the project settings.
Sentry: INFO: Automatic initialization is disabled! Operations with Sentry SDK will result in no-ops.
WALKING_UNION removed_m2=179.340036571026 build_ms=173.279
LANDSCAPE_OPENINGS count=0
COURT_SURFACE triangles=4638
ARCHITECTURE_OCCUPANCY conflicts=0
THRESHOLD_MESH_AUDIT ok=true probes=28735 minimum=-1.0
FOUNDATION_AUDIT {"building_bounds_overlaps":[],"ok":true,"overhead_hits":0,"road_count":76,"road_failures":[],"scope":"sampled foundation obstruction over all route widths; conservative solid-piece/model bounds","solid_pieces":4}
CENTRAL_PASSAGE_AUDIT ok=true probes=63 minimum=2.45000004768372
PRECINCT_BUILD_MS 2954.973
PRECINCT_TIMING {"draw_calls":144.0,"frame_interval_ms":{"maximum":20.666,"median":8.351,"p95":8.564},"frames":120,"gpu_timestamps_available":false,"render_cpu_ms":{"maximum":0.301999986171722,"median":0.202999994158745,"p95":0.239999994635582},"render_gpu_ms":{"maximum":0.0,"median":0.0,"p95":0.0},"renderer_mib":81.890625,"scope":"desktop native stationary viewport; frame interval includes synchronisation; not device qualification","view":"whole"}
PRECINCT_VIEW {"draw_calls":144.0,"primitives":427658.0,"renderer_mib":81.890625,"scope":"native capture counters; not frame-time qualification","view":"whole"}
PRECINCT_TIMING {"draw_calls":56.0,"frame_interval_ms":{"maximum":8.626,"median":8.344,"p95":8.547},"frames":120,"gpu_timestamps_available":false,"render_cpu_ms":{"maximum":0.194999992847443,"median":0.148000001907349,"p95":0.180999994277954},"render_gpu_ms":{"maximum":0.0,"median":0.0,"p95":0.0},"renderer_mib":81.890625,"scope":"desktop native stationary viewport; frame interval includes synchronisation; not device qualification","view":"journey"}
PRECINCT_VIEW {"draw_calls":56.0,"primitives":183640.0,"renderer_mib":81.890625,"scope":"native capture counters; not frame-time qualification","view":"journey"}
PRECINCT_TIMING {"draw_calls":36.0,"frame_interval_ms":{"maximum":16.567,"median":8.344,"p95":8.553},"frames":120,"gpu_timestamps_available":false,"render_cpu_ms":{"maximum":0.214000001549721,"median":0.141000002622604,"p95":0.177000001072884},"render_gpu_ms":{"maximum":0.0,"median":0.0,"p95":0.0},"renderer_mib":81.890625,"scope":"desktop native stationary viewport; frame interval includes synchronisation; not device qualification","view":"court"}
PRECINCT_VIEW {"draw_calls":36.0,"primitives":211931.0,"renderer_mib":81.890625,"scope":"native capture counters; not frame-time qualification","view":"court"}
PRECINCT_VIEW {"draw_calls":70.0,"primitives":324998.0,"renderer_mib":81.890625,"scope":"native capture counters; not frame-time qualification","view":"threshold"}
PRECINCT_VIEW {"draw_calls":14.0,"primitives":175814.0,"renderer_mib":81.890625,"scope":"native capture counters; not frame-time qualification","view":"passage"}
PRECINCT_COMPOSITION captured whole/journey/court; uncertified placement study
PRECINCT_INPUT {"all_nodes":{"failures":[],"ok":true,"scope":"each node focused and clicked; desktop pointer, not physical touch","tested_nodes":65},"current_visible":true,"dimensions":[844.0,390.0],"drag_pan":true,"drag_preserves_selection":true,"drag_probe":{"camera_delta":2.65753602981567,"hovered":"none","motion_events":1,"origin":"(12.0, 195.0)","received_down":true,"target":"(42.0, 205.0)","target_markers":[]},"journey_button":true,"marker_target":[44.0,44.0],"overview":{"cluster_open":true,"cluster_transition":{"after":32.0,"before":147.743988037109,"whole":false},"nodes":65,"overlaps":[],"represented":65,"single_select":true,"target_sizes_pass":true,"targets":17},"required_target":44.0,"route_camera":{"edge_filter":"","heading_changes":0,"maximum_turn_degrees":0.0,"occlusions":[],"ok":true,"probes":3067,"scope":"rendered centre-line focus samples at <=0.5 m; no interpolation or full-width guarantee"},"select_current":true,"sightlines":{"blocked_node_centres":0,"heading_degrees":25.0,"scope":"current and reachable centres at focus; not entire routes","tested_node_centres":3},"source_current_unchanged":true,"target_sizes_pass":true,"viewport_matches_pixels":true,"wheel_zoom":true,"whole_button":true}
