Godot Engine v4.7.2.stable.official.ed1daf0bf - https://godotengine.org
Metal 4.0 - Forward Mobile - Using Device #0: Apple - Apple M1 Max (Apple7)

Sentry: DEBUG: starting Sentry SDK version 2.1.1+d288ad9
Sentry: DEBUG: Automatic initialization is disabled in the project settings.
Sentry: INFO: Automatic initialization is disabled! Operations with Sentry SDK will result in no-ops.
WALKING_UNION removed_m2=176.602820575237 build_ms=148.501
LANDSCAPE_OPENINGS count=0
COURT_SURFACE triangles=5241
ARCHITECTURE_OCCUPANCY conflicts=0
THRESHOLD_MESH_AUDIT ok=true probes=28063 minimum=-1.0
FOUNDATION_AUDIT {"building_bounds_overlaps":[],"ok":true,"overhead_hits":0,"road_count":76,"road_failures":[],"scope":"sampled foundation obstruction over all route widths; conservative solid-piece/model bounds","solid_pieces":4}
CENTRAL_PASSAGE_AUDIT ok=true probes=63 minimum=2.45000004768372
PRECINCT_BUILD_MS 2930.499
PRECINCT_TIMING {"draw_calls":294.0,"frame_interval_ms":{"maximum":18.433,"median":8.34,"p95":9.775},"frames":120,"gpu_timestamps_available":false,"render_cpu_ms":{"maximum":1.32400000095367,"median":0.314999997615814,"p95":0.990000009536743},"render_gpu_ms":{"maximum":0.0,"median":0.0,"p95":0.0},"renderer_mib":84.96875,"scope":"desktop native stationary viewport; frame interval includes synchronisation; not device qualification","view":"whole"}
PRECINCT_VIEW {"draw_calls":294.0,"primitives":436806.0,"renderer_mib":84.96875,"scope":"native capture counters; not frame-time qualification","view":"whole"}
PRECINCT_TIMING {"draw_calls":99.0,"frame_interval_ms":{"maximum":9.917,"median":8.356,"p95":9.241},"frames":120,"gpu_timestamps_available":false,"render_cpu_ms":{"maximum":1.5440000295639,"median":0.238999992609024,"p95":1.23000001907349},"render_gpu_ms":{"maximum":0.0,"median":0.0,"p95":0.0},"renderer_mib":84.96875,"scope":"desktop native stationary viewport; frame interval includes synchronisation; not device qualification","view":"journey"}
PRECINCT_VIEW {"draw_calls":99.0,"primitives":191240.0,"renderer_mib":84.96875,"scope":"native capture counters; not frame-time qualification","view":"journey"}
PRECINCT_TIMING {"draw_calls":55.0,"frame_interval_ms":{"maximum":9.199,"median":8.346,"p95":8.954},"frames":120,"gpu_timestamps_available":false,"render_cpu_ms":{"maximum":1.64999997615814,"median":0.41100001335144,"p95":0.916000008583069},"render_gpu_ms":{"maximum":0.0,"median":0.0,"p95":0.0},"renderer_mib":84.96875,"scope":"desktop native stationary viewport; frame interval includes synchronisation; not device qualification","view":"court"}
PRECINCT_VIEW {"draw_calls":55.0,"primitives":220246.0,"renderer_mib":84.96875,"scope":"native capture counters; not frame-time qualification","view":"court"}
PRECINCT_VIEW {"draw_calls":138.0,"primitives":343018.0,"renderer_mib":84.96875,"scope":"native capture counters; not frame-time qualification","view":"threshold"}
PRECINCT_VIEW {"draw_calls":18.0,"primitives":176464.0,"renderer_mib":84.96875,"scope":"native capture counters; not frame-time qualification","view":"passage"}
PRECINCT_COMPOSITION captured whole/journey/court; uncertified placement study
PRECINCT_INPUT {"all_nodes":{"failures":[],"ok":true,"scope":"each node focused and clicked; desktop pointer, not physical touch","tested_nodes":65},"current_visible":true,"dimensions":[844.0,390.0],"drag_pan":true,"drag_preserves_selection":true,"drag_probe":{"camera_delta":2.76880550384521,"hovered":"none","motion_events":1,"origin":"(12.0, 195.0)","received_down":true,"target":"(42.0, 205.0)","target_markers":[]},"journey_button":true,"marker_target":[44.0,44.0],"overview":{"cluster_open":true,"cluster_transition":{"after":32.0,"before":147.743988037109,"whole":false},"nodes":65,"overlaps":[],"represented":65,"single_select":true,"target_sizes_pass":true,"targets":17},"required_target":44.0,"route_camera":{"edge_filter":"","heading_changes":0,"maximum_turn_degrees":0.0,"occlusions":[],"ok":true,"probes":3011,"scope":"rendered centre-line focus samples at <=0.5 m; no interpolation or full-width guarantee"},"select_current":true,"sightlines":{"blocked_node_centres":0,"heading_degrees":-25.0,"scope":"current and reachable centres at focus; not entire routes","tested_node_centres":3},"source_current_unchanged":true,"target_sizes_pass":true,"viewport_matches_pixels":true,"wheel_zoom":true,"whole_button":true}
