Godot Engine v4.7.2.stable.official.ed1daf0bf - https://godotengine.org
Metal 4.0 - Forward Mobile - Using Device #0: Apple - Apple M1 Max (Apple7)

Sentry: DEBUG: starting Sentry SDK version 2.1.1+d288ad9
Sentry: DEBUG: Automatic initialization is disabled in the project settings.
Sentry: INFO: Automatic initialization is disabled! Operations with Sentry SDK will result in no-ops.
WALKING_UNION removed_m2=176.602820575237 build_ms=150.92
LANDSCAPE_OPENINGS count=0
COURT_SURFACE triangles=5241
ARCHITECTURE_OCCUPANCY conflicts=0
PRECINCT_BUILD_MS 1856.599
PRECINCT_TIMING {"draw_calls":295.0,"frame_interval_ms":{"maximum":8.82,"median":8.327,"p95":8.647},"frames":120,"gpu_timestamps_available":false,"render_cpu_ms":{"maximum":0.303999990224838,"median":0.237000003457069,"p95":0.273999989032745},"render_gpu_ms":{"maximum":0.0,"median":0.0,"p95":0.0},"renderer_mib":118.71875,"scope":"desktop native stationary viewport; frame interval includes synchronisation; not device qualification","view":"whole"}
PRECINCT_VIEW {"draw_calls":295.0,"primitives":437294.0,"renderer_mib":118.71875,"scope":"native capture counters; not frame-time qualification","view":"whole"}
PRECINCT_TIMING {"draw_calls":47.0,"frame_interval_ms":{"maximum":16.531,"median":8.32,"p95":8.647},"frames":120,"gpu_timestamps_available":false,"render_cpu_ms":{"maximum":0.209000006318092,"median":0.133000001311302,"p95":0.155000001192093},"render_gpu_ms":{"maximum":0.0,"median":0.0,"p95":0.0},"renderer_mib":118.71875,"scope":"desktop native stationary viewport; frame interval includes synchronisation; not device qualification","view":"journey"}
PRECINCT_VIEW {"draw_calls":47.0,"primitives":150684.0,"renderer_mib":118.71875,"scope":"native capture counters; not frame-time qualification","view":"journey"}
PRECINCT_TIMING {"draw_calls":46.0,"frame_interval_ms":{"maximum":8.876,"median":8.3,"p95":8.621},"frames":120,"gpu_timestamps_available":false,"render_cpu_ms":{"maximum":0.209999993443489,"median":0.14300000667572,"p95":0.185000002384186},"render_gpu_ms":{"maximum":0.0,"median":0.0,"p95":0.0},"renderer_mib":118.71875,"scope":"desktop native stationary viewport; frame interval includes synchronisation; not device qualification","view":"court"}
PRECINCT_VIEW {"draw_calls":46.0,"primitives":217150.0,"renderer_mib":118.71875,"scope":"native capture counters; not frame-time qualification","view":"court"}
PRECINCT_VIEW {"draw_calls":128.0,"primitives":287267.0,"renderer_mib":118.71875,"scope":"native capture counters; not frame-time qualification","view":"threshold"}
PRECINCT_VIEW {"draw_calls":15.0,"primitives":153820.0,"renderer_mib":118.71875,"scope":"native capture counters; not frame-time qualification","view":"passage"}
PRECINCT_COMPOSITION captured whole/journey/court; uncertified placement study
PRECINCT_INPUT {"current_visible":true,"dimensions":[1180.0,820.0],"drag_pan":true,"drag_preserves_selection":true,"drag_probe":{"camera_delta":1.26394855976105,"hovered":"none","motion_events":1,"origin":"(12.0, 410.0)","received_down":true,"target":"(42.0, 420.0)","target_markers":[]},"journey_button":true,"marker_target":[60.0,60.0],"overview":{"cluster_open":true,"cluster_transition":{"after":32.0,"before":182.731658935547,"whole":false},"nodes":65,"overlaps":[],"represented":65,"single_select":true,"target_sizes_pass":true,"targets":21},"required_target":60.0,"route_camera":{"edge_filter":"","heading_changes":0,"maximum_turn_degrees":0.0,"occlusions":[],"ok":true,"probes":3011,"scope":"rendered centre-line focus samples at <=0.5 m; no interpolation or full-width guarantee"},"select_current":true,"sightlines":{"blocked_node_centres":0,"heading_degrees":-25.0,"scope":"current and reachable centres at focus; not entire routes","tested_node_centres":3},"source_current_unchanged":true,"target_sizes_pass":true,"viewport_matches_pixels":true,"wheel_zoom":true,"whole_button":true}
