Godot Engine v4.7.2.stable.official.ed1daf0bf - https://godotengine.org

[   0% ] [90m[1mfirst_scan_filesystem[22m | Started Project initialization (5 steps)[39m[0m
[   0% ] [90m[1mfirst_scan_filesystem[22m | Scanning file structure...[39m[0m
[  16% ] [90m[1mfirst_scan_filesystem[22m | Loading global class names...[39m[0m
[  33% ] [90m[1mfirst_scan_filesystem[22m | Verifying GDExtensions...[39m[0m
[  50% ] [90m[1mfirst_scan_filesystem[22m | Creating autoload scripts...[39m[0m
[  66% ] [90m[1mfirst_scan_filesystem[22m | Initializing plugins...[39m[0m
[  83% ] [90m[1mfirst_scan_filesystem[22m | Starting file scan...[39m[0m
[92m[ DONE ][39m [1mfirst_scan_filesystem[22m
[0m
[   0% ] [90m[1mupdate_scripts_classes[22m | Started Registering global classes... (33 steps)[39m[0m
[   0% ] [90m[1mupdate_scripts_classes[22m | ContentDB[39m[0m
[   2% ] [90m[1mupdate_scripts_classes[22m | EventTypes[39m[0m
[   5% ] [90m[1mupdate_scripts_classes[22m | MapLayoutCanonical[39m[0m
[   8% ] [90m[1mupdate_scripts_classes[22m | MapLayoutInput[39m[0m
[  11% ] [90m[1mupdate_scripts_classes[22m | MapLayoutInputBinding[39m[0m
[  14% ] [90m[1mupdate_scripts_classes[22m | MapLayoutResult[39m[0m
[  17% ] [90m[1mupdate_scripts_classes[22m | Rng[39m[0m
[  20% ] [90m[1mupdate_scripts_classes[22m | CombatRules[39m[0m
[  23% ] [90m[1mupdate_scripts_classes[22m | CounterfactualSelf[39m[0m
[  26% ] [90m[1mupdate_scripts_classes[22m | DawnPassages[39m[0m
[  29% ] [90m[1mupdate_scripts_classes[22m | EnemyAi[39m[0m
[  32% ] [90m[1mupdate_scripts_classes[22m | LineTable[39m[0m
[  35% ] [90m[1mupdate_scripts_classes[22m | PoolBeats[39m[0m
[  38% ] [90m[1mupdate_scripts_classes[22m | QuestRules[39m[0m
[  41% ] [90m[1mupdate_scripts_classes[22m | RewardRules[39m[0m
[  44% ] [90m[1mupdate_scripts_classes[22m | CardInst[39m[0m
[  47% ] [90m[1mupdate_scripts_classes[22m | CombatState[39m[0m
[  50% ] [90m[1mupdate_scripts_classes[22m | EnemyCombatant[39m[0m
[  52% ] [90m[1mupdate_scripts_classes[22m | MapNode[39m[0m
[  55% ] [90m[1mupdate_scripts_classes[22m | PlayerCombatant[39m[0m
[  58% ] [90m[1mupdate_scripts_classes[22m | RunState[39m[0m
[  61% ] [90m[1mupdate_scripts_classes[22m | VigilState[39m[0m
[  64% ] [90m[1mupdate_scripts_classes[22m | WorldMap[39m[0m
[  67% ] [90m[1mupdate_scripts_classes[22m | GlassvowGame[39m[0m
[  70% ] [90m[1mupdate_scripts_classes[22m | VowIncentives[39m[0m
[  73% ] [90m[1mupdate_scripts_classes[22m | [39m[0m
[  76% ] [90m[1mupdate_scripts_classes[22m | [39m[0m
[  79% ] [90m[1mupdate_scripts_classes[22m | [39m[0m
[  82% ] [90m[1mupdate_scripts_classes[22m | [39m[0m
[  85% ] [90m[1mupdate_scripts_classes[22m | [39m[0m
[  88% ] [90m[1mupdate_scripts_classes[22m | [39m[0m
[  91% ] [90m[1mupdate_scripts_classes[22m | [39m[0m
[  94% ] [90m[1mupdate_scripts_classes[22m | [39m[0m
[92m[ DONE ][39m [1mupdate_scripts_classes[22m
[0m
[   0% ] [90m[1mloading_editor_layout[22m | Started Loading editor (5 steps)[39m[0m
[   0% ] [90m[1mloading_editor_layout[22m | Loading editor layout...[39m[0m
[  16% ] [90m[1mloading_editor_layout[22m | Loading docks...[39m[0m
[92m[ DONE ][39m [1mloading_editor_layout[22m
[0m
