Godot Engine v4.7.2.stable.official.ed1daf0bf - https://godotengine.org

Sentry: DEBUG: starting Sentry SDK version 2.1.1+d288ad9
Sentry: DEBUG: Automatic initialization is disabled in the project settings.
Sentry: INFO: Automatic initialization is disabled! Operations with Sentry SDK will result in no-ops.
en       phone-landscape  act0  granted= 432.0  natural= 464.0  fits     THE ASHEN WOODS · WAYSTONE 14 · THE ROOTHEART
en       phone-landscape  act1  granted= 432.0  natural= 467.0  fits     THE SUNKEN CITY · WAYSTONE 14 · LEVIATHAN'S MAW
en       phone-landscape  act2  granted= 432.0  natural= 565.0  fits     THE OBSIDIAN COURT · WAYSTONE 14 · THE ETERNAL SOVEREIGN
en       phone-landscape  act3  granted= 432.0  natural= 525.0  fits     THE MIRRORED ROAD · WAYSTONE 14 · THE ETERNAL KEEPER
en       pad-landscape    act0  granted= 632.0  natural= 464.0  fits     THE ASHEN WOODS · WAYSTONE 14 · THE ROOTHEART
en       pad-landscape    act1  granted= 632.0  natural= 467.0  fits     THE SUNKEN CITY · WAYSTONE 14 · LEVIATHAN'S MAW
en       pad-landscape    act2  granted= 632.0  natural= 565.0  fits     THE OBSIDIAN COURT · WAYSTONE 14 · THE ETERNAL SOVEREIGN
en       pad-landscape    act3  granted= 632.0  natural= 525.0  fits     THE MIRRORED ROAD · WAYSTONE 14 · THE ETERNAL KEEPER
en       desktop-landscape act0  granted= 910.0  natural= 464.0  fits     THE ASHEN WOODS · WAYSTONE 14 · THE ROOTHEART
en       desktop-landscape act1  granted= 910.0  natural= 467.0  fits     THE SUNKEN CITY · WAYSTONE 14 · LEVIATHAN'S MAW
en       desktop-landscape act2  granted= 910.0  natural= 565.0  fits     THE OBSIDIAN COURT · WAYSTONE 14 · THE ETERNAL SOVEREIGN
en       desktop-landscape act3  granted= 910.0  natural= 525.0  fits     THE MIRRORED ROAD · WAYSTONE 14 · THE ETERNAL KEEPER
zh-Hant  phone-landscape  act0  granted= 423.0  natural= 242.0  fits     灰燼樹林 · 第 14 塊引路石 · 根脈之心
zh-Hant  phone-landscape  act1  granted= 423.0  natural= 256.0  fits     沉沒之城 · 第 14 塊引路石 · 利維坦之喉
zh-Hant  phone-landscape  act2  granted= 423.0  natural= 242.0  fits     黑曜王庭 · 第 14 塊引路石 · 永恆君王
zh-Hant  phone-landscape  act3  granted= 423.0  natural= 242.0  fits     鏡中歸途 · 第 14 塊引路石 · 永恆留者
zh-Hant  pad-landscape    act0  granted= 632.0  natural= 242.0  fits     灰燼樹林 · 第 14 塊引路石 · 根脈之心
zh-Hant  pad-landscape    act1  granted= 632.0  natural= 256.0  fits     沉沒之城 · 第 14 塊引路石 · 利維坦之喉
zh-Hant  pad-landscape    act2  granted= 632.0  natural= 242.0  fits     黑曜王庭 · 第 14 塊引路石 · 永恆君王
zh-Hant  pad-landscape    act3  granted= 632.0  natural= 242.0  fits     鏡中歸途 · 第 14 塊引路石 · 永恆留者
zh-Hant  desktop-landscape act0  granted= 910.0  natural= 242.0  fits     灰燼樹林 · 第 14 塊引路石 · 根脈之心
zh-Hant  desktop-landscape act1  granted= 910.0  natural= 256.0  fits     沉沒之城 · 第 14 塊引路石 · 利維坦之喉
zh-Hant  desktop-landscape act2  granted= 910.0  natural= 242.0  fits     黑曜王庭 · 第 14 塊引路石 · 永恆君王
zh-Hant  desktop-landscape act3  granted= 910.0  natural= 242.0  fits     鏡中歸途 · 第 14 塊引路石 · 永恆留者
MEASURE OK (0 clipped)
