{
  "status": "COHERENT_HAND_QUERY_AND_OFF_MASK_QUALIFIED_NOT_CERTIFICATE",
  "source_head": "25089d5aea0cb48134fb224332c4451d5f28bbf8",
  "new_population_outcomes": 0,
  "packages_admitted": 0,
  "p9_certified": false,
  "original_terminal_retained": "INCONCLUSIVE: original q4 projection and named query mutant were wrong for the complete inherited dispatch",
  "old_records_read": 1960,
  "reused_correct_candidate_on_cases": 280,
  "new_correct_candidate_off_cases": 280,
  "default_on_reference_pairs": 280,
  "existing_query_patch_faults_detected": 280,
  "existing_off_mask_faults_detected": 8,
  "query_weights_search_and_runtime_controller_changed": false,
  "original_q4_projection_values_unchanged": true,
  "limits": [
    "Correction explicitly changes the false test oracle/role interpretation, not the old verdict or native game law.",
    "Both sides of the coherent candidate are now bound to the unchanged legacy-query runtime; ON is reused and only missing OFF is observed.",
    "The forecast3 assertion is fixture-scoped, not a claim that every deck should forecast3.",
    "Raw-zero legacy score omission remains unqualified. Native default parity does not establish optimal play.",
    "No population, signed controls, descriptor admission, peer/economy or independent confirmation added."
  ],
  "review_kind": "AUTHOR_SELF_REVIEW_NOT_INDEPENDENT",
  "new_independent_samples": 0
}
