Godot Engine v4.7.2.stable.official.ed1daf0bf - https://godotengine.org

[   0% ] [90m[1mfirst_scan_filesystem[22m | Started Project initialization (5 steps)[39m[0m
[   0% ] [90m[1mfirst_scan_filesystem[22m | Scanning file structure...[39m[0m
[  16% ] [90m[1mfirst_scan_filesystem[22m | Loading global class names...[39m[0m
[  33% ] [90m[1mfirst_scan_filesystem[22m | Verifying GDExtensions...[39m[0m
[  50% ] [90m[1mfirst_scan_filesystem[22m | Creating autoload scripts...[39m[0m
[  66% ] [90m[1mfirst_scan_filesystem[22m | Initializing plugins...[39m[0m
[  83% ] [90m[1mfirst_scan_filesystem[22m | Starting file scan...[39m[0m
[92m[ DONE ][39m [1mfirst_scan_filesystem[22m
[0m
[   0% ] [90m[1mupdate_scripts_classes[22m | Started Registering global classes... (38 steps)[39m[0m
[   0% ] [90m[1mupdate_scripts_classes[22m | ContentDB[39m[0m
[   2% ] [90m[1mupdate_scripts_classes[22m | EventTypes[39m[0m
[   5% ] [90m[1mupdate_scripts_classes[22m | MapLayoutCanonical[39m[0m
[   7% ] [90m[1mupdate_scripts_classes[22m | MapLayoutInput[39m[0m
[  10% ] [90m[1mupdate_scripts_classes[22m | MapLayoutInputBinding[39m[0m
[  12% ] [90m[1mupdate_scripts_classes[22m | MapLayoutResult[39m[0m
[  15% ] [90m[1mupdate_scripts_classes[22m | Rng[39m[0m
[  17% ] [90m[1mupdate_scripts_classes[22m | CombatRules[39m[0m
[  20% ] [90m[1mupdate_scripts_classes[22m | CounterfactualSelf[39m[0m
[  23% ] [90m[1mupdate_scripts_classes[22m | DawnPassages[39m[0m
[  25% ] [90m[1mupdate_scripts_classes[22m | EnemyAi[39m[0m
[  28% ] [90m[1mupdate_scripts_classes[22m | LineTable[39m[0m
[  30% ] [90m[1mupdate_scripts_classes[22m | PoolBeats[39m[0m
[  33% ] [90m[1mupdate_scripts_classes[22m | QuestRules[39m[0m
[  35% ] [90m[1mupdate_scripts_classes[22m | RewardRules[39m[0m
[  38% ] [90m[1mupdate_scripts_classes[22m | CardInst[39m[0m
[  41% ] [90m[1mupdate_scripts_classes[22m | CombatState[39m[0m
[  43% ] [90m[1mupdate_scripts_classes[22m | EnemyCombatant[39m[0m
[  46% ] [90m[1mupdate_scripts_classes[22m | MapNode[39m[0m
[  48% ] [90m[1mupdate_scripts_classes[22m | PlayerCombatant[39m[0m
[  51% ] [90m[1mupdate_scripts_classes[22m | RunState[39m[0m
[  53% ] [90m[1mupdate_scripts_classes[22m | VigilState[39m[0m
[  56% ] [90m[1mupdate_scripts_classes[22m | WorldMap[39m[0m
[  58% ] [90m[1mupdate_scripts_classes[22m | GlassvowGame[39m[0m
[  61% ] [90m[1mupdate_scripts_classes[22m | BalanceCatalogue[39m[0m
[  64% ] [90m[1mupdate_scripts_classes[22m | BalanceMetrics[39m[0m
[  66% ] [90m[1mupdate_scripts_classes[22m | BalancePilot[39m[0m
[  69% ] [90m[1mupdate_scripts_classes[22m | BalancePolicy[39m[0m
[  71% ] [90m[1mupdate_scripts_classes[22m | BalanceSim[39m[0m
[  74% ] [90m[1mupdate_scripts_classes[22m | BalanceSweep[39m[0m
[  76% ] [90m[1mupdate_scripts_classes[22m | [39m[0m
[  79% ] [90m[1mupdate_scripts_classes[22m | [39m[0m
[  82% ] [90m[1mupdate_scripts_classes[22m | VowIncentives[39m[0m
[  84% ] [90m[1mupdate_scripts_classes[22m | [39m[0m
[  87% ] [90m[1mupdate_scripts_classes[22m | [39m[0m
[  89% ] [90m[1mupdate_scripts_classes[22m | [39m[0m
[  92% ] [90m[1mupdate_scripts_classes[22m | [39m[0m
[  94% ] [90m[1mupdate_scripts_classes[22m | [39m[0m
[92m[ DONE ][39m [1mupdate_scripts_classes[22m
[0m
[   0% ] [90m[1mloading_editor_layout[22m | Started Loading editor (5 steps)[39m[0m
[   0% ] [90m[1mloading_editor_layout[22m | Loading editor layout...[39m[0m
[  16% ] [90m[1mloading_editor_layout[22m | Loading docks...[39m[0m
[92m[ DONE ][39m [1mloading_editor_layout[22m
[0m
